-- Logs begin at Fri 2017-02-03 00:13:26 CET, end at Wed 2017-03-08 17:38:56 CET. --
Mär 08 17:14:01 archbook systemd-journald[144]: Time spent on flushing to /var is 1.100ms for 0 entries.
Mär 08 17:14:01 archbook kernel: Linux version 4.9.11-1-ARCH (builduser@heftig-11715) (gcc version 6.3.1 20170109 (GCC) ) #1 SMP PREEMPT Sun Feb 19 13:45:52 UTC 2017
Mär 08 17:14:01 archbook kernel: Command line: initrd=\initramfs-linux.img root=/dev/sda2 rw elevator=deadline quiet splash resume=/dev/sda5 nmi_watchdog=0
Mär 08 17:14:01 archbook kernel: x86/fpu: Supporting XSAVE feature 0x001: 'x87 floating point registers'
Mär 08 17:14:01 archbook kernel: x86/fpu: Supporting XSAVE feature 0x002: 'SSE registers'
Mär 08 17:14:01 archbook kernel: x86/fpu: Supporting XSAVE feature 0x004: 'AVX registers'
Mär 08 17:14:01 archbook kernel: x86/fpu: xstate_offset[2]:  576, xstate_sizes[2]:  256
Mär 08 17:14:01 archbook kernel: x86/fpu: Enabled xstate features 0x7, context size is 832 bytes, using 'standard' format.
Mär 08 17:14:01 archbook kernel: x86/fpu: Using 'eager' FPU context switches.
Mär 08 17:14:01 archbook kernel: e820: BIOS-provided physical RAM map:
Mär 08 17:14:01 archbook kernel: BIOS-e820: [mem 0x0000000000000000-0x0000000000057fff] usable
Mär 08 17:14:01 archbook kernel: BIOS-e820: [mem 0x0000000000058000-0x0000000000058fff] reserved
Mär 08 17:14:01 archbook kernel: BIOS-e820: [mem 0x0000000000059000-0x000000000009ffff] usable
Mär 08 17:14:01 archbook kernel: BIOS-e820: [mem 0x00000000000a0000-0x00000000000bffff] reserved
Mär 08 17:14:01 archbook kernel: BIOS-e820: [mem 0x0000000000100000-0x000000008ad00fff] usable
Mär 08 17:14:01 archbook kernel: BIOS-e820: [mem 0x000000008ad01000-0x000000008ad48fff] ACPI NVS
Mär 08 17:14:01 archbook kernel: BIOS-e820: [mem 0x000000008ad49000-0x000000008ad60fff] usable
Mär 08 17:14:01 archbook kernel: BIOS-e820: [mem 0x000000008ad61000-0x000000008ad8efff] ACPI data
Mär 08 17:14:01 archbook kernel: BIOS-e820: [mem 0x000000008ad8f000-0x000000008ae39fff] usable
Mär 08 17:14:01 archbook kernel: BIOS-e820: [mem 0x000000008ae3a000-0x000000008ae8efff] reserved
Mär 08 17:14:01 archbook kernel: BIOS-e820: [mem 0x000000008ae8f000-0x000000008aecbfff] usable
Mär 08 17:14:01 archbook kernel: BIOS-e820: [mem 0x000000008aecc000-0x000000008aefefff] reserved
Mär 08 17:14:01 archbook kernel: BIOS-e820: [mem 0x000000008aeff000-0x000000008afa9fff] usable
Mär 08 17:14:01 archbook kernel: BIOS-e820: [mem 0x000000008afaa000-0x000000008afdefff] reserved
Mär 08 17:14:01 archbook kernel: BIOS-e820: [mem 0x000000008afdf000-0x000000008affffff] usable
Mär 08 17:14:01 archbook kernel: BIOS-e820: [mem 0x000000008b000000-0x000000008fffffff] reserved
Mär 08 17:14:01 archbook kernel: BIOS-e820: [mem 0x00000000e00f8000-0x00000000e00f8fff] reserved
Mär 08 17:14:01 archbook kernel: BIOS-e820: [mem 0x00000000fed1c000-0x00000000fed1ffff] reserved
Mär 08 17:14:01 archbook kernel: BIOS-e820: [mem 0x00000000ffd70000-0x00000000ffd9ffff] reserved
Mär 08 17:14:01 archbook kernel: BIOS-e820: [mem 0x0000000100000000-0x000000026effffff] usable
Mär 08 17:14:01 archbook kernel: NX (Execute Disable) protection: active
Mär 08 17:14:01 archbook kernel: efi: EFI v1.10 by Apple
Mär 08 17:14:01 archbook kernel: efi:  ACPI=0x8ad8e000  ACPI 2.0=0x8ad8e014  SMBIOS=0x8afae000 
Mär 08 17:14:01 archbook kernel: SMBIOS 2.7 present.
Mär 08 17:14:01 archbook kernel: DMI: Apple Inc. MacBookAir7,2/Mac-937CB26E2E02BB01, BIOS MBA71.88Z.0166.B12.1602221953 02/22/2016
Mär 08 17:14:01 archbook kernel: e820: update [mem 0x00000000-0x00000fff] usable ==> reserved
Mär 08 17:14:01 archbook kernel: e820: remove [mem 0x000a0000-0x000fffff] usable
Mär 08 17:14:01 archbook kernel: e820: last_pfn = 0x26f000 max_arch_pfn = 0x400000000
Mär 08 17:14:01 archbook kernel: MTRR default type: write-back
Mär 08 17:14:01 archbook kernel: MTRR fixed ranges enabled:
Mär 08 17:14:01 archbook kernel:   00000-9FFFF write-back
Mär 08 17:14:01 archbook kernel:   A0000-BFFFF uncachable
Mär 08 17:14:01 archbook kernel:   C0000-DFFFF write-protect
Mär 08 17:14:01 archbook kernel:   E0000-FFFFF uncachable
Mär 08 17:14:01 archbook kernel: MTRR variable ranges enabled:
Mär 08 17:14:01 archbook kernel:   0 base 00C0000000 mask 7FC0000000 uncachable
Mär 08 17:14:01 archbook kernel:   1 base 00A0000000 mask 7FE0000000 uncachable
Mär 08 17:14:01 archbook kernel:   2 base 0090000000 mask 7FF0000000 uncachable
Mär 08 17:14:01 archbook kernel:   3 base 008C000000 mask 7FFC000000 uncachable
Mär 08 17:14:01 archbook kernel:   4 base 008B000000 mask 7FFF000000 uncachable
Mär 08 17:14:01 archbook kernel:   5 disabled
Mär 08 17:14:01 archbook kernel:   6 disabled
Mär 08 17:14:01 archbook kernel:   7 disabled
Mär 08 17:14:01 archbook kernel:   8 disabled
Mär 08 17:14:01 archbook kernel:   9 disabled
Mär 08 17:14:01 archbook kernel: x86/PAT: Configuration [0-7]: WB  WC  UC- UC  WB  WC  UC- WT  
Mär 08 17:14:01 archbook kernel: e820: last_pfn = 0x8b000 max_arch_pfn = 0x400000000
Mär 08 17:14:01 archbook kernel: Scanning 1 areas for low memory corruption
Mär 08 17:14:01 archbook kernel: Base memory trampoline at [ffff880000099000] 99000 size 24576
Mär 08 17:14:01 archbook kernel: Using GB pages for direct mapping
Mär 08 17:14:01 archbook kernel: BRK [0x01d57000, 0x01d57fff] PGTABLE
Mär 08 17:14:01 archbook kernel: BRK [0x01d58000, 0x01d58fff] PGTABLE
Mär 08 17:14:01 archbook kernel: BRK [0x01d59000, 0x01d59fff] PGTABLE
Mär 08 17:14:01 archbook kernel: BRK [0x01d5a000, 0x01d5afff] PGTABLE
Mär 08 17:14:01 archbook kernel: BRK [0x01d5b000, 0x01d5bfff] PGTABLE
Mär 08 17:14:01 archbook kernel: RAMDISK: [mem 0x751b6000-0x7572afff]
Mär 08 17:14:01 archbook kernel: ACPI: Early table checksum verification disabled
Mär 08 17:14:01 archbook kernel: ACPI: RSDP 0x000000008AD8E014 000024 (v02 APPLE )
Mär 08 17:14:01 archbook kernel: ACPI: XSDT 0x000000008AD8E1C0 00009C (v01 APPLE  Apple00  00000000      01000013)
Mär 08 17:14:01 archbook kernel: ACPI: FACP 0x000000008AD8C000 0000F4 (v05 APPLE  Apple00  00000000 Loki 0000005F)
Mär 08 17:14:01 archbook kernel: ACPI: DSDT 0x000000008AD7E000 00888B (v03 APPLE  MacBookA 00070001 INTL 20140424)
Mär 08 17:14:01 archbook kernel: ACPI: FACS 0x000000008AD06000 000040
Mär 08 17:14:01 archbook kernel: ACPI: FACS 0x000000008AD06000 000040
Mär 08 17:14:01 archbook kernel: ACPI: HPET 0x000000008AD8B000 000038 (v01 APPLE  Apple00  00000001 Loki 0000005F)
Mär 08 17:14:01 archbook kernel: ACPI: APIC 0x000000008AD8A000 0000BC (v02 APPLE  Apple00  00000001 Loki 0000005F)
Mär 08 17:14:01 archbook kernel: ACPI: SBST 0x000000008AD88000 000030 (v01 APPLE  Apple00  00000001 Loki 0000005F)
Mär 08 17:14:01 archbook kernel: ACPI: ECDT 0x000000008AD87000 000053 (v01 APPLE  Apple00  00000001 Loki 0000005F)
Mär 08 17:14:01 archbook kernel: ACPI: SSDT 0x000000008AD7D000 00010B (v01 APPLE  SataAhci 00001000 INTL 20140424)
Mär 08 17:14:01 archbook kernel: ACPI: SSDT 0x000000008AD7C000 000024 (v01 APPLE  SmcDppt  00001000 INTL 20140424)
Mär 08 17:14:01 archbook kernel: ACPI: SSDT 0x000000008AD7B000 000032 (v01 APPLE  SsdtS3   00001000 INTL 20140424)
Mär 08 17:14:01 archbook kernel: ACPI: SSDT 0x000000008AD78000 002B26 (v01 APPLE  PcieTbt  00001000 INTL 20140424)
Mär 08 17:14:01 archbook kernel: ACPI: SSDT 0x000000008AD6B000 0000B8 (v01 APPLE  Sdxc     00001000 INTL 20140424)
Mär 08 17:14:01 archbook kernel: ACPI: SSDT 0x000000008AD6A000 000AAC (v02 APPLE  Xhci     00001000 INTL 20140424)
Mär 08 17:14:01 archbook kernel: ACPI: SSDT 0x000000008AD63000 0005B5 (v01 PmRef  Cpu0Ist  00003000 INTL 20140424)
Mär 08 17:14:01 archbook kernel: ACPI: SSDT 0x000000008AD62000 000C17 (v01 CpuRef CpuSsdt  00003000 INTL 20140424)
Mär 08 17:14:01 archbook kernel: ACPI: MCFG 0x000000008AD89000 00003C (v01 APPLE  Apple00  00000001 Loki 0000005F)
Mär 08 17:14:01 archbook kernel: ACPI: DMAR 0x000000008AD61000 000088 (v01 APPLE  BDW      00000001 INTL 00000001)
Mär 08 17:14:01 archbook kernel: ACPI: DMI detected to setup _OSI("Darwin"): Apple hardware
Mär 08 17:14:01 archbook kernel: ACPI: Local APIC address 0xfee00000
Mär 08 17:14:01 archbook kernel: No NUMA configuration found
Mär 08 17:14:01 archbook kernel: Faking a node at [mem 0x0000000000000000-0x000000026effffff]
Mär 08 17:14:01 archbook kernel: NODE_DATA(0) allocated [mem 0x26eff9000-0x26effdfff]
Mär 08 17:14:01 archbook kernel: Zone ranges:
Mär 08 17:14:01 archbook kernel:   DMA      [mem 0x0000000000001000-0x0000000000ffffff]
Mär 08 17:14:01 archbook kernel:   DMA32    [mem 0x0000000001000000-0x00000000ffffffff]
Mär 08 17:14:01 archbook kernel:   Normal   [mem 0x0000000100000000-0x000000026effffff]
Mär 08 17:14:01 archbook kernel:   Device   empty
Mär 08 17:14:01 archbook kernel: Movable zone start for each node
Mär 08 17:14:01 archbook kernel: Early memory node ranges
Mär 08 17:14:01 archbook kernel:   node   0: [mem 0x0000000000001000-0x0000000000057fff]
Mär 08 17:14:01 archbook kernel:   node   0: [mem 0x0000000000059000-0x000000000009ffff]
Mär 08 17:14:01 archbook kernel:   node   0: [mem 0x0000000000100000-0x000000008ad00fff]
Mär 08 17:14:01 archbook kernel:   node   0: [mem 0x000000008ad49000-0x000000008ad60fff]
Mär 08 17:14:01 archbook kernel:   node   0: [mem 0x000000008ad8f000-0x000000008ae39fff]
Mär 08 17:14:01 archbook kernel:   node   0: [mem 0x000000008ae8f000-0x000000008aecbfff]
Mär 08 17:14:01 archbook kernel:   node   0: [mem 0x000000008aeff000-0x000000008afa9fff]
Mär 08 17:14:01 archbook kernel:   node   0: [mem 0x000000008afdf000-0x000000008affffff]
Mär 08 17:14:01 archbook kernel:   node   0: [mem 0x0000000100000000-0x000000026effffff]
Mär 08 17:14:01 archbook kernel: Initmem setup node 0 [mem 0x0000000000001000-0x000000026effffff]
Mär 08 17:14:01 archbook kernel: On node 0 totalpages: 2072171
Mär 08 17:14:01 archbook kernel:   DMA zone: 64 pages used for memmap
Mär 08 17:14:01 archbook kernel:   DMA zone: 22 pages reserved
Mär 08 17:14:01 archbook kernel:   DMA zone: 3998 pages, LIFO batch:0
Mär 08 17:14:01 archbook kernel:   DMA32 zone: 8828 pages used for memmap
Mär 08 17:14:01 archbook kernel:   DMA32 zone: 564941 pages, LIFO batch:31
Mär 08 17:14:01 archbook kernel:   Normal zone: 23488 pages used for memmap
Mär 08 17:14:01 archbook kernel:   Normal zone: 1503232 pages, LIFO batch:31
Mär 08 17:14:01 archbook kernel: Reserving Intel graphics memory at 0x000000008c000000-0x000000008fffffff
Mär 08 17:14:01 archbook kernel: ACPI: PM-Timer IO Port: 0x1808
Mär 08 17:14:01 archbook kernel: ACPI: Local APIC address 0xfee00000
Mär 08 17:14:01 archbook kernel: ACPI: LAPIC_NMI (acpi_id[0x01] high edge lint[0x1])
Mär 08 17:14:01 archbook kernel: ACPI: LAPIC_NMI (acpi_id[0x02] high edge lint[0x1])
Mär 08 17:14:01 archbook kernel: ACPI: LAPIC_NMI (acpi_id[0x03] high edge lint[0x1])
Mär 08 17:14:01 archbook kernel: ACPI: LAPIC_NMI (acpi_id[0x04] high edge lint[0x1])
Mär 08 17:14:01 archbook kernel: ACPI: LAPIC_NMI (acpi_id[0x05] high edge lint[0x1])
Mär 08 17:14:01 archbook kernel: ACPI: LAPIC_NMI (acpi_id[0x06] high edge lint[0x1])
Mär 08 17:14:01 archbook kernel: ACPI: LAPIC_NMI (acpi_id[0x07] high edge lint[0x1])
Mär 08 17:14:01 archbook kernel: ACPI: LAPIC_NMI (acpi_id[0x08] high edge lint[0x1])
Mär 08 17:14:01 archbook kernel: IOAPIC[0]: apic_id 2, version 32, address 0xfec00000, GSI 0-39
Mär 08 17:14:01 archbook kernel: ACPI: INT_SRC_OVR (bus 0 bus_irq 0 global_irq 2 dfl dfl)
Mär 08 17:14:01 archbook kernel: ACPI: INT_SRC_OVR (bus 0 bus_irq 9 global_irq 9 high level)
Mär 08 17:14:01 archbook kernel: ACPI: IRQ0 used by override.
Mär 08 17:14:01 archbook kernel: ACPI: IRQ9 used by override.
Mär 08 17:14:01 archbook kernel: Using ACPI (MADT) for SMP configuration information
Mär 08 17:14:01 archbook kernel: ACPI: HPET id: 0x8086a201 base: 0xfed00000
Mär 08 17:14:01 archbook kernel: smpboot: Allowing 4 CPUs, 0 hotplug CPUs
Mär 08 17:14:01 archbook kernel: PM: Registered nosave memory: [mem 0x00000000-0x00000fff]
Mär 08 17:14:01 archbook kernel: PM: Registered nosave memory: [mem 0x00058000-0x00058fff]
Mär 08 17:14:01 archbook kernel: PM: Registered nosave memory: [mem 0x000a0000-0x000bffff]
Mär 08 17:14:01 archbook kernel: PM: Registered nosave memory: [mem 0x000c0000-0x000fffff]
Mär 08 17:14:01 archbook kernel: PM: Registered nosave memory: [mem 0x8ad01000-0x8ad48fff]
Mär 08 17:14:01 archbook kernel: PM: Registered nosave memory: [mem 0x8ad61000-0x8ad8efff]
Mär 08 17:14:01 archbook kernel: PM: Registered nosave memory: [mem 0x8ae3a000-0x8ae8efff]
Mär 08 17:14:01 archbook kernel: PM: Registered nosave memory: [mem 0x8aecc000-0x8aefefff]
Mär 08 17:14:01 archbook kernel: PM: Registered nosave memory: [mem 0x8afaa000-0x8afdefff]
Mär 08 17:14:01 archbook kernel: PM: Registered nosave memory: [mem 0x8b000000-0x8fffffff]
Mär 08 17:14:01 archbook kernel: PM: Registered nosave memory: [mem 0x90000000-0xe00f7fff]
Mär 08 17:14:01 archbook kernel: PM: Registered nosave memory: [mem 0xe00f8000-0xe00f8fff]
Mär 08 17:14:01 archbook kernel: PM: Registered nosave memory: [mem 0xe00f9000-0xfed1bfff]
Mär 08 17:14:01 archbook kernel: PM: Registered nosave memory: [mem 0xfed1c000-0xfed1ffff]
Mär 08 17:14:01 archbook kernel: PM: Registered nosave memory: [mem 0xfed20000-0xffd6ffff]
Mär 08 17:14:01 archbook kernel: PM: Registered nosave memory: [mem 0xffd70000-0xffd9ffff]
Mär 08 17:14:01 archbook kernel: PM: Registered nosave memory: [mem 0xffda0000-0xffffffff]
Mär 08 17:14:01 archbook kernel: e820: [mem 0x90000000-0xe00f7fff] available for PCI devices
Mär 08 17:14:01 archbook kernel: Booting paravirtualized kernel on bare hardware
Mär 08 17:14:01 archbook kernel: clocksource: refined-jiffies: mask: 0xffffffff max_cycles: 0xffffffff, max_idle_ns: 6370452778343963 ns
Mär 08 17:14:01 archbook kernel: setup_percpu: NR_CPUS:128 nr_cpumask_bits:128 nr_cpu_ids:4 nr_node_ids:1
Mär 08 17:14:01 archbook kernel: percpu: Embedded 35 pages/cpu @ffff88026ec00000 s103512 r8192 d31656 u524288
Mär 08 17:14:01 archbook kernel: pcpu-alloc: s103512 r8192 d31656 u524288 alloc=1*2097152
Mär 08 17:14:01 archbook kernel: pcpu-alloc: [0] 0 1 2 3 
Mär 08 17:14:01 archbook kernel: Built 1 zonelists in Node order, mobility grouping on.  Total pages: 2039769
Mär 08 17:14:01 archbook kernel: Policy zone: Normal
Mär 08 17:14:01 archbook kernel: Kernel command line: initrd=\initramfs-linux.img root=/dev/sda2 rw elevator=deadline quiet splash resume=/dev/sda5 nmi_watchdog=0
Mär 08 17:14:01 archbook kernel: PID hash table entries: 4096 (order: 3, 32768 bytes)
Mär 08 17:14:01 archbook kernel: Calgary: detecting Calgary via BIOS EBDA area
Mär 08 17:14:01 archbook kernel: Calgary: Unable to locate Rio Grande table in EBDA - bailing!
Mär 08 17:14:01 archbook kernel: Memory: 7743364K/8288684K available (6206K kernel code, 1071K rwdata, 1944K rodata, 1280K init, 1032K bss, 545320K reserved, 0K cma-reserved)
Mär 08 17:14:01 archbook kernel: SLUB: HWalign=64, Order=0-3, MinObjects=0, CPUs=4, Nodes=1
Mär 08 17:14:01 archbook kernel: Preemptible hierarchical RCU implementation.
Mär 08 17:14:01 archbook kernel:         Build-time adjustment of leaf fanout to 64.
Mär 08 17:14:01 archbook kernel:         RCU restricting CPUs from NR_CPUS=128 to nr_cpu_ids=4.
Mär 08 17:14:01 archbook kernel: RCU: Adjusting geometry for rcu_fanout_leaf=64, nr_cpu_ids=4
Mär 08 17:14:01 archbook kernel: NR_IRQS:8448 nr_irqs:728 16
Mär 08 17:14:01 archbook kernel: Console: colour dummy device 80x25
Mär 08 17:14:01 archbook kernel: console [tty0] enabled
Mär 08 17:14:01 archbook kernel: clocksource: hpet: mask: 0xffffffff max_cycles: 0xffffffff, max_idle_ns: 133484882848 ns
Mär 08 17:14:01 archbook kernel: hpet clockevent registered
Mär 08 17:14:01 archbook kernel: tsc: Fast TSC calibration using PIT
Mär 08 17:14:01 archbook kernel: tsc: Detected 1600.128 MHz processor
Mär 08 17:14:01 archbook kernel: Calibrating delay loop (skipped), value calculated using timer frequency.. 3201.60 BogoMIPS (lpj=5333760)
Mär 08 17:14:01 archbook kernel: pid_max: default: 32768 minimum: 301
Mär 08 17:14:01 archbook kernel: ACPI: Core revision 20160831
Mär 08 17:14:01 archbook kernel: ACPI: 9 ACPI AML tables successfully acquired and loaded
Mär 08 17:14:01 archbook kernel: Security Framework initialized
Mär 08 17:14:01 archbook kernel: Yama: becoming mindful.
Mär 08 17:14:01 archbook kernel: Dentry cache hash table entries: 1048576 (order: 11, 8388608 bytes)
Mär 08 17:14:01 archbook kernel: Inode-cache hash table entries: 524288 (order: 10, 4194304 bytes)
Mär 08 17:14:01 archbook kernel: Mount-cache hash table entries: 16384 (order: 5, 131072 bytes)
Mär 08 17:14:01 archbook kernel: Mountpoint-cache hash table entries: 16384 (order: 5, 131072 bytes)
Mär 08 17:14:01 archbook kernel: CPU: Physical Processor ID: 0
Mär 08 17:14:01 archbook kernel: CPU: Processor Core ID: 0
Mär 08 17:14:01 archbook kernel: ENERGY_PERF_BIAS: Set to 'normal', was 'performance'
Mär 08 17:14:01 archbook kernel: ENERGY_PERF_BIAS: View and update with x86_energy_perf_policy(8)
Mär 08 17:14:01 archbook kernel: mce: CPU supports 7 MCE banks
Mär 08 17:14:01 archbook kernel: CPU0: Thermal monitoring enabled (TM1)
Mär 08 17:14:01 archbook kernel: process: using mwait in idle threads
Mär 08 17:14:01 archbook kernel: Last level iTLB entries: 4KB 64, 2MB 8, 4MB 8
Mär 08 17:14:01 archbook kernel: Last level dTLB entries: 4KB 64, 2MB 0, 4MB 0, 1GB 4
Mär 08 17:14:01 archbook kernel: Freeing SMP alternatives memory: 24K (ffffffff81c4d000 - ffffffff81c53000)
Mär 08 17:14:01 archbook kernel: ftrace: allocating 24619 entries in 97 pages
Mär 08 17:14:01 archbook kernel: smpboot: Max logical packages: 2
Mär 08 17:14:01 archbook kernel: DMAR: Host address width 39
Mär 08 17:14:01 archbook kernel: DMAR: DRHD base: 0x000000fed90000 flags: 0x0
Mär 08 17:14:01 archbook kernel: DMAR: dmar0: reg_base_addr fed90000 ver 1:0 cap 1c0000c40660462 ecap 7e1ff0505e
Mär 08 17:14:01 archbook kernel: DMAR: DRHD base: 0x000000fed91000 flags: 0x1
Mär 08 17:14:01 archbook kernel: DMAR: dmar1: reg_base_addr fed91000 ver 1:0 cap d2008c20660462 ecap f010da
Mär 08 17:14:01 archbook kernel: DMAR: RMRR base: 0x0000008b800000 end: 0x0000008fffffff
Mär 08 17:14:01 archbook kernel: DMAR-IR: IOAPIC id 2 under DRHD base  0xfed91000 IOMMU 1
Mär 08 17:14:01 archbook kernel: DMAR-IR: HPET id 0 under DRHD base 0xfed91000
Mär 08 17:14:01 archbook kernel: DMAR-IR: x2apic is disabled because BIOS sets x2apic opt out bit.
Mär 08 17:14:01 archbook kernel: DMAR-IR: Use 'intremap=no_x2apic_optout' to override the BIOS setting.
Mär 08 17:14:01 archbook kernel: DMAR-IR: Enabled IRQ remapping in xapic mode
Mär 08 17:14:01 archbook kernel: x2apic: IRQ remapping doesn't support X2APIC mode
Mär 08 17:14:01 archbook kernel: ..TIMER: vector=0x30 apic1=0 pin1=2 apic2=-1 pin2=-1
Mär 08 17:14:01 archbook kernel: TSC deadline timer enabled
Mär 08 17:14:01 archbook kernel: smpboot: CPU0: Intel(R) Core(TM) i5-5250U CPU @ 1.60GHz (family: 0x6, model: 0x3d, stepping: 0x4)
Mär 08 17:14:01 archbook kernel: Performance Events: PEBS fmt2+, Broadwell events, 16-deep LBR, full-width counters, Intel PMU driver.
Mär 08 17:14:01 archbook kernel: ... version:                3
Mär 08 17:14:01 archbook kernel: ... bit width:              48
Mär 08 17:14:01 archbook kernel: ... generic registers:      4
Mär 08 17:14:01 archbook kernel: ... value mask:             0000ffffffffffff
Mär 08 17:14:01 archbook kernel: ... max period:             00007fffffffffff
Mär 08 17:14:01 archbook kernel: ... fixed-purpose events:   3
Mär 08 17:14:01 archbook kernel: ... event mask:             000000070000000f
Mär 08 17:14:01 archbook kernel: x86: Booting SMP configuration:
Mär 08 17:14:01 archbook kernel: .... node  #0, CPUs:      #1 #2 #3
Mär 08 17:14:01 archbook kernel: x86: Booted up 1 node, 4 CPUs
Mär 08 17:14:01 archbook kernel: smpboot: Total of 4 processors activated (12811.48 BogoMIPS)
Mär 08 17:14:01 archbook kernel: devtmpfs: initialized
Mär 08 17:14:01 archbook kernel: x86/mm: Memory block size: 128MB
Mär 08 17:14:01 archbook kernel: PM: Registering ACPI NVS region [mem 0x8ad01000-0x8ad48fff] (294912 bytes)
Mär 08 17:14:01 archbook kernel: clocksource: jiffies: mask: 0xffffffff max_cycles: 0xffffffff, max_idle_ns: 6370867519511994 ns
Mär 08 17:14:01 archbook kernel: pinctrl core: initialized pinctrl subsystem
Mär 08 17:14:01 archbook kernel: RTC time: 16:13:59, date: 03/08/17
Mär 08 17:14:01 archbook kernel: NET: Registered protocol family 16
Mär 08 17:14:01 archbook kernel: cpuidle: using governor ladder
Mär 08 17:14:01 archbook kernel: cpuidle: using governor menu
Mär 08 17:14:01 archbook kernel: ACPI: bus type PCI registered
Mär 08 17:14:01 archbook kernel: acpiphp: ACPI Hot Plug PCI Controller Driver version: 0.5
Mär 08 17:14:01 archbook kernel: PCI: MMCONFIG for domain 0000 [bus 00-9b] at [mem 0xe0000000-0xe9bfffff] (base 0xe0000000)
Mär 08 17:14:01 archbook kernel: PCI: not using MMCONFIG
Mär 08 17:14:01 archbook kernel: PCI: Using configuration type 1 for base access
Mär 08 17:14:01 archbook kernel: HugeTLB registered 1 GB page size, pre-allocated 0 pages
Mär 08 17:14:01 archbook kernel: HugeTLB registered 2 MB page size, pre-allocated 0 pages
Mär 08 17:14:01 archbook kernel: ACPI: Disabled all _OSI OS vendors
Mär 08 17:14:01 archbook kernel: ACPI: Added _OSI(Module Device)
Mär 08 17:14:01 archbook kernel: ACPI: Added _OSI(Processor Device)
Mär 08 17:14:01 archbook kernel: ACPI: Added _OSI(3.0 _SCP Extensions)
Mär 08 17:14:01 archbook kernel: ACPI: Added _OSI(Processor Aggregator Device)
Mär 08 17:14:01 archbook kernel: ACPI: Added _OSI(Darwin)
Mär 08 17:14:01 archbook kernel: ACPI : EC: EC started
Mär 08 17:14:01 archbook kernel: ACPI: \: Used as first EC
Mär 08 17:14:01 archbook kernel: ACPI: \: GPE=0x4e, EC_CMD/EC_SC=0x66, EC_DATA=0x62
Mär 08 17:14:01 archbook kernel: ACPI: \: Used as boot ECDT EC to handle transactions
Mär 08 17:14:01 archbook kernel: ACPI: BIOS _OSI(Darwin) query honored via DMI
Mär 08 17:14:01 archbook kernel: ACPI: [Firmware Bug]: BIOS _OSI(Linux) query ignored
Mär 08 17:14:01 archbook kernel: ACPI: Dynamic OEM Table Load:
Mär 08 17:14:01 archbook kernel: ACPI: SSDT 0xFFFF880264EBF800 0004F0 (v01 PmRef  Cpu0Cst  00003001 INTL 20140424)
Mär 08 17:14:01 archbook kernel: ACPI: Dynamic OEM Table Load:
Mär 08 17:14:01 archbook kernel: ACPI: SSDT 0xFFFF880264F58000 00067C (v01 PmRef  ApIst    00003000 INTL 20140424)
Mär 08 17:14:01 archbook kernel: ACPI: Dynamic OEM Table Load:
Mär 08 17:14:01 archbook kernel: ACPI: SSDT 0xFFFF880264FC5A00 000119 (v01 PmRef  ApCst    00003000 INTL 20140424)
Mär 08 17:14:01 archbook kernel: ACPI : EC: EC stopped
Mär 08 17:14:01 archbook kernel: ACPI : EC: EC started
Mär 08 17:14:01 archbook kernel: ACPI: \_SB_.PCI0.LPCB.EC__: Used as first EC
Mär 08 17:14:01 archbook kernel: ACPI: \_SB_.PCI0.LPCB.EC__: GPE=0x4e, EC_CMD/EC_SC=0x66, EC_DATA=0x62
Mär 08 17:14:01 archbook kernel: ACPI: \_SB_.PCI0.LPCB.EC__: Used as boot DSDT EC to handle transactions
Mär 08 17:14:01 archbook kernel: ACPI: Interpreter enabled
Mär 08 17:14:01 archbook kernel: ACPI: (supports S0 S3 S4 S5)
Mär 08 17:14:01 archbook kernel: ACPI: Using IOAPIC for interrupt routing
Mär 08 17:14:01 archbook kernel: PCI: MMCONFIG for domain 0000 [bus 00-9b] at [mem 0xe0000000-0xe9bfffff] (base 0xe0000000)
Mär 08 17:14:01 archbook kernel: PCI: MMCONFIG at [mem 0xe0000000-0xe9bfffff] reserved in ACPI motherboard resources
Mär 08 17:14:01 archbook kernel: PCI: Using host bridge windows from ACPI; if necessary, use "pci=nocrs" and report a bug
Mär 08 17:14:01 archbook kernel: ACPI: PCI Root Bridge [PCI0] (domain 0000 [bus 00-ff])
Mär 08 17:14:01 archbook kernel: acpi PNP0A08:00: _OSC: OS assumes control of [PCIeHotplug SHPCHotplug AER PCIeCapability]
Mär 08 17:14:01 archbook kernel: acpi PNP0A08:00: [Firmware Info]: MMCONFIG for domain 0000 [bus 00-9b] only partially covers this bridge
Mär 08 17:14:01 archbook kernel: PCI host bridge to bus 0000:00
Mär 08 17:14:01 archbook kernel: pci_bus 0000:00: root bus resource [io  0x0000-0x0cf7 window]
Mär 08 17:14:01 archbook kernel: pci_bus 0000:00: root bus resource [io  0x0d00-0xffff window]
Mär 08 17:14:01 archbook kernel: pci_bus 0000:00: root bus resource [mem 0x000a0000-0x000bffff window]
Mär 08 17:14:01 archbook kernel: pci_bus 0000:00: root bus resource [mem 0x000c0000-0x000c3fff window]
Mär 08 17:14:01 archbook kernel: pci_bus 0000:00: root bus resource [mem 0x000c4000-0x000c7fff window]
Mär 08 17:14:01 archbook kernel: pci_bus 0000:00: root bus resource [mem 0x000c8000-0x000cbfff window]
Mär 08 17:14:01 archbook kernel: pci_bus 0000:00: root bus resource [mem 0x000cc000-0x000cffff window]
Mär 08 17:14:01 archbook kernel: pci_bus 0000:00: root bus resource [mem 0x000d0000-0x000d3fff window]
Mär 08 17:14:01 archbook kernel: pci_bus 0000:00: root bus resource [mem 0x000d4000-0x000d7fff window]
Mär 08 17:14:01 archbook kernel: pci_bus 0000:00: root bus resource [mem 0x000d8000-0x000dbfff window]
Mär 08 17:14:01 archbook kernel: pci_bus 0000:00: root bus resource [mem 0x000dc000-0x000dffff window]
Mär 08 17:14:01 archbook kernel: pci_bus 0000:00: root bus resource [mem 0x000e0000-0x000e3fff window]
Mär 08 17:14:01 archbook kernel: pci_bus 0000:00: root bus resource [mem 0x000e4000-0x000e7fff window]
Mär 08 17:14:01 archbook kernel: pci_bus 0000:00: root bus resource [mem 0x000e8000-0x000ebfff window]
Mär 08 17:14:01 archbook kernel: pci_bus 0000:00: root bus resource [mem 0x000ec000-0x000effff window]
Mär 08 17:14:01 archbook kernel: pci_bus 0000:00: root bus resource [mem 0x000f0000-0x000fffff window]
Mär 08 17:14:01 archbook kernel: pci_bus 0000:00: root bus resource [mem 0x90000000-0xfeafffff window]
Mär 08 17:14:01 archbook kernel: pci_bus 0000:00: root bus resource [mem 0xfed40000-0xfed44fff window]
Mär 08 17:14:01 archbook kernel: pci_bus 0000:00: root bus resource [bus 00-ff]
Mär 08 17:14:01 archbook kernel: pci 0000:00:00.0: [8086:1604] type 00 class 0x060000
Mär 08 17:14:01 archbook kernel: pci 0000:00:02.0: [8086:1626] type 00 class 0x030000
Mär 08 17:14:01 archbook kernel: pci 0000:00:02.0: reg 0x10: [mem 0xc0000000-0xc0ffffff 64bit]
Mär 08 17:14:01 archbook kernel: pci 0000:00:02.0: reg 0x18: [mem 0xb0000000-0xbfffffff 64bit pref]
Mär 08 17:14:01 archbook kernel: pci 0000:00:02.0: reg 0x20: [io  0x3000-0x303f]
Mär 08 17:14:01 archbook kernel: pci 0000:00:03.0: [8086:160c] type 00 class 0x040300
Mär 08 17:14:01 archbook kernel: pci 0000:00:03.0: reg 0x10: [mem 0xc1610000-0xc1613fff 64bit]
Mär 08 17:14:01 archbook kernel: pci 0000:00:14.0: [8086:9cb1] type 00 class 0x0c0330
Mär 08 17:14:01 archbook kernel: pci 0000:00:14.0: reg 0x10: [mem 0xc1600000-0xc160ffff 64bit]
Mär 08 17:14:01 archbook kernel: pci 0000:00:14.0: PME# supported from D3hot D3cold
Mär 08 17:14:01 archbook kernel: pci 0000:00:14.0: System wakeup disabled by ACPI
Mär 08 17:14:01 archbook kernel: pci 0000:00:15.0: [8086:9ce0] type 00 class 0x080102
Mär 08 17:14:01 archbook kernel: pci 0000:00:15.0: reg 0x10: [mem 0xc161a000-0xc161afff]
Mär 08 17:14:01 archbook kernel: pci 0000:00:15.4: [8086:9ce6] type 00 class 0x0c8000
Mär 08 17:14:01 archbook kernel: pci 0000:00:15.4: reg 0x10: [mem 0xc1619000-0xc1619fff]
Mär 08 17:14:01 archbook kernel: pci 0000:00:16.0: [8086:9cba] type 00 class 0x078000
Mär 08 17:14:01 archbook kernel: pci 0000:00:16.0: reg 0x10: [mem 0xc161b100-0xc161b11f 64bit]
Mär 08 17:14:01 archbook kernel: pci 0000:00:16.0: PME# supported from D0 D3hot D3cold
Mär 08 17:14:01 archbook kernel: pci 0000:00:1b.0: [8086:9ca0] type 00 class 0x040300
Mär 08 17:14:01 archbook kernel: pci 0000:00:1b.0: reg 0x10: [mem 0xc1614000-0xc1617fff 64bit]
Mär 08 17:14:01 archbook kernel: pci 0000:00:1b.0: PME# supported from D0 D3hot D3cold
Mär 08 17:14:01 archbook kernel: pci 0000:00:1b.0: System wakeup disabled by ACPI
Mär 08 17:14:01 archbook kernel: pci 0000:00:1c.0: [8086:9c90] type 01 class 0x060400
Mär 08 17:14:01 archbook kernel: pci 0000:00:1c.0: PME# supported from D0 D3hot D3cold
Mär 08 17:14:01 archbook kernel: pci 0000:00:1c.0: System wakeup disabled by ACPI
Mär 08 17:14:01 archbook kernel: pci 0000:00:1c.1: [8086:9c92] type 01 class 0x060400
Mär 08 17:14:01 archbook kernel: pci 0000:00:1c.1: PME# supported from D0 D3hot D3cold
Mär 08 17:14:01 archbook kernel: pci 0000:00:1c.1: System wakeup disabled by ACPI
Mär 08 17:14:01 archbook kernel: pci 0000:00:1c.2: [8086:9c94] type 01 class 0x060400
Mär 08 17:14:01 archbook kernel: pci 0000:00:1c.2: PME# supported from D0 D3hot D3cold
Mär 08 17:14:01 archbook kernel: pci 0000:00:1c.2: System wakeup disabled by ACPI
Mär 08 17:14:01 archbook kernel: pci 0000:00:1c.4: [8086:9c98] type 01 class 0x060400
Mär 08 17:14:01 archbook kernel: pci 0000:00:1c.4: PME# supported from D0 D3hot D3cold
Mär 08 17:14:01 archbook kernel: pci 0000:00:1c.4: System wakeup disabled by ACPI
Mär 08 17:14:01 archbook kernel: pci 0000:00:1c.5: [8086:9c9a] type 01 class 0x060400
Mär 08 17:14:01 archbook kernel: pci 0000:00:1c.5: PME# supported from D0 D3hot D3cold
Mär 08 17:14:01 archbook kernel: pci 0000:00:1c.5: System wakeup disabled by ACPI
Mär 08 17:14:01 archbook kernel: pci 0000:00:1f.0: [8086:9cc3] type 00 class 0x060100
Mär 08 17:14:01 archbook kernel: pci 0000:00:1f.3: [8086:9ca2] type 00 class 0x0c0500
Mär 08 17:14:01 archbook kernel: pci 0000:00:1f.3: reg 0x10: [mem 0xc161b000-0xc161b0ff 64bit]
Mär 08 17:14:01 archbook kernel: pci 0000:00:1f.3: reg 0x20: [io  0xefa0-0xefbf]
Mär 08 17:14:01 archbook kernel: pci 0000:00:1f.6: [8086:9ca4] type 00 class 0x118000
Mär 08 17:14:01 archbook kernel: pci 0000:00:1f.6: reg 0x10: [mem 0xc1618000-0xc1618fff 64bit]
Mär 08 17:14:01 archbook kernel: pci 0000:00:1c.0: PCI bridge to [bus 01]
Mär 08 17:14:01 archbook kernel: pci 0000:02:00.0: [14e4:1570] type 00 class 0x048000
Mär 08 17:14:01 archbook kernel: pci 0000:02:00.0: reg 0x10: [mem 0xc1500000-0xc150ffff 64bit]
Mär 08 17:14:01 archbook kernel: pci 0000:02:00.0: reg 0x18: [mem 0xa0000000-0xafffffff 64bit pref]
Mär 08 17:14:01 archbook kernel: pci 0000:02:00.0: reg 0x20: [mem 0xc1400000-0xc14fffff 64bit]
Mär 08 17:14:01 archbook kernel: pci 0000:02:00.0: supports D1
Mär 08 17:14:01 archbook kernel: pci 0000:02:00.0: PME# supported from D0 D3hot
Mär 08 17:14:01 archbook kernel: pci 0000:00:1c.1: PCI bridge to [bus 02]
Mär 08 17:14:01 archbook kernel: pci 0000:00:1c.1:   bridge window [mem 0xc1400000-0xc15fffff]
Mär 08 17:14:01 archbook kernel: pci 0000:00:1c.1:   bridge window [mem 0xa0000000-0xafffffff 64bit pref]
Mär 08 17:14:01 archbook kernel: pci 0000:03:00.0: [14e4:43a0] type 00 class 0x028000
Mär 08 17:14:01 archbook kernel: pci 0000:03:00.0: reg 0x10: [mem 0xc1200000-0xc1207fff 64bit]
Mär 08 17:14:01 archbook kernel: pci 0000:03:00.0: reg 0x18: [mem 0xc1000000-0xc11fffff 64bit]
Mär 08 17:14:01 archbook kernel: pci 0000:03:00.0: supports D1 D2
Mär 08 17:14:01 archbook kernel: pci 0000:03:00.0: PME# supported from D0 D1 D2 D3hot D3cold
Mär 08 17:14:01 archbook kernel: pci 0000:03:00.0: System wakeup disabled by ACPI
Mär 08 17:14:01 archbook kernel: pci 0000:00:1c.2: PCI bridge to [bus 03]
Mär 08 17:14:01 archbook kernel: pci 0000:00:1c.2:   bridge window [mem 0xc1000000-0xc12fffff]
Mär 08 17:14:01 archbook kernel: pci 0000:05:00.0: [8086:156b] type 01 class 0x060400
Mär 08 17:14:01 archbook kernel: pci 0000:05:00.0: supports D1 D2
Mär 08 17:14:01 archbook kernel: pci 0000:05:00.0: PME# supported from D0 D1 D2 D3hot D3cold
Mär 08 17:14:01 archbook kernel: pci 0000:00:1c.4: PCI bridge to [bus 05-9b]
Mär 08 17:14:01 archbook kernel: pci 0000:00:1c.4:   bridge window [io  0x4000-0x6fff]
Mär 08 17:14:01 archbook kernel: pci 0000:00:1c.4:   bridge window [mem 0xc1700000-0xcd7fffff]
Mär 08 17:14:01 archbook kernel: pci 0000:00:1c.4:   bridge window [mem 0xcd800000-0xd97fffff 64bit pref]
Mär 08 17:14:01 archbook kernel: pci 0000:06:00.0: [8086:156b] type 01 class 0x060400
Mär 08 17:14:01 archbook kernel: pci 0000:06:00.0: supports D1 D2
Mär 08 17:14:01 archbook kernel: pci 0000:06:00.0: PME# supported from D0 D1 D2 D3hot D3cold
Mär 08 17:14:01 archbook kernel: pci 0000:06:03.0: [8086:156b] type 01 class 0x060400
Mär 08 17:14:01 archbook kernel: pci 0000:06:03.0: supports D1 D2
Mär 08 17:14:01 archbook kernel: pci 0000:06:03.0: PME# supported from D0 D1 D2 D3hot D3cold
Mär 08 17:14:01 archbook kernel: pci 0000:06:04.0: [8086:156b] type 01 class 0x060400
Mär 08 17:14:01 archbook kernel: pci 0000:06:04.0: supports D1 D2
Mär 08 17:14:01 archbook kernel: pci 0000:06:04.0: PME# supported from D0 D1 D2 D3hot D3cold
Mär 08 17:14:01 archbook kernel: pci 0000:06:05.0: [8086:156b] type 01 class 0x060400
Mär 08 17:14:01 archbook kernel: pci 0000:06:05.0: supports D1 D2
Mär 08 17:14:01 archbook kernel: pci 0000:06:05.0: PME# supported from D0 D1 D2 D3hot D3cold
Mär 08 17:14:01 archbook kernel: pci 0000:06:06.0: [8086:156b] type 01 class 0x060400
Mär 08 17:14:01 archbook kernel: pci 0000:06:06.0: supports D1 D2
Mär 08 17:14:01 archbook kernel: pci 0000:06:06.0: PME# supported from D0 D1 D2 D3hot D3cold
Mär 08 17:14:01 archbook kernel: pci 0000:05:00.0: PCI bridge to [bus 06-6b]
Mär 08 17:14:01 archbook kernel: pci 0000:05:00.0:   bridge window [io  0x4000-0x5fff]
Mär 08 17:14:01 archbook kernel: pci 0000:05:00.0:   bridge window [mem 0xc1700000-0xc97fffff]
Mär 08 17:14:01 archbook kernel: pci 0000:05:00.0:   bridge window [mem 0xcd800000-0xd57fffff 64bit pref]
Mär 08 17:14:01 archbook kernel: pci 0000:07:00.0: [8086:156a] type 00 class 0x088000
Mär 08 17:14:01 archbook kernel: pci 0000:07:00.0: reg 0x10: [mem 0xc1700000-0xc173ffff]
Mär 08 17:14:01 archbook kernel: pci 0000:07:00.0: reg 0x14: [mem 0xc1740000-0xc1740fff]
Mär 08 17:14:01 archbook kernel: pci 0000:07:00.0: supports D1 D2
Mär 08 17:14:01 archbook kernel: pci 0000:07:00.0: PME# supported from D0 D1 D2 D3hot D3cold
Mär 08 17:14:01 archbook kernel: pci 0000:06:00.0: PCI bridge to [bus 07]
Mär 08 17:14:01 archbook kernel: pci 0000:06:00.0:   bridge window [mem 0xc1700000-0xc17fffff]
Mär 08 17:14:01 archbook kernel: pci 0000:06:03.0: PCI bridge to [bus 08-38]
Mär 08 17:14:01 archbook kernel: pci 0000:06:03.0:   bridge window [io  0x4000-0x4fff]
Mär 08 17:14:01 archbook kernel: pci 0000:06:03.0:   bridge window [mem 0xc1800000-0xc57fffff]
Mär 08 17:14:01 archbook kernel: pci 0000:06:03.0:   bridge window [mem 0xcd800000-0xd17fffff 64bit pref]
Mär 08 17:14:01 archbook kernel: pci 0000:06:04.0: PCI bridge to [bus 39-69]
Mär 08 17:14:01 archbook kernel: pci 0000:06:04.0:   bridge window [io  0x5000-0x5fff]
Mär 08 17:14:01 archbook kernel: pci 0000:06:04.0:   bridge window [mem 0xc5800000-0xc97fffff]
Mär 08 17:14:01 archbook kernel: pci 0000:06:04.0:   bridge window [mem 0xd1800000-0xd57fffff 64bit pref]
Mär 08 17:14:01 archbook kernel: pci 0000:06:05.0: PCI bridge to [bus 6a]
Mär 08 17:14:01 archbook kernel: pci 0000:06:06.0: PCI bridge to [bus 6b]
Mär 08 17:14:01 archbook kernel: pci 0000:04:00.0: [144d:a801] type 00 class 0x010601
Mär 08 17:14:01 archbook kernel: pci 0000:04:00.0: reg 0x24: [mem 0xc1300000-0xc1301fff]
Mär 08 17:14:01 archbook kernel: pci 0000:00:1c.5: PCI bridge to [bus 04]
Mär 08 17:14:01 archbook kernel: pci 0000:00:1c.5:   bridge window [mem 0xc1300000-0xc13fffff]
Mär 08 17:14:01 archbook kernel: ACPI: PCI Interrupt Link [LNKA] (IRQs 1 3 4 5 6 7 10 12 14 15) *0, disabled.
Mär 08 17:14:01 archbook kernel: ACPI: PCI Interrupt Link [LNKB] (IRQs 1 3 4 5 6 7 11 12 14 15) *0, disabled.
Mär 08 17:14:01 archbook kernel: ACPI: PCI Interrupt Link [LNKC] (IRQs 1 3 4 5 6 7 10 12 14 15) *0, disabled.
Mär 08 17:14:01 archbook kernel: ACPI: PCI Interrupt Link [LNKD] (IRQs 1 3 4 5 6 7 11 12 14 15) *0, disabled.
Mär 08 17:14:01 archbook kernel: ACPI: PCI Interrupt Link [LNKE] (IRQs 1 3 4 5 6 7 10 12 14 15) *0, disabled.
Mär 08 17:14:01 archbook kernel: ACPI: PCI Interrupt Link [LNKF] (IRQs 1 3 4 5 6 7 11 12 14 15) *0, disabled.
Mär 08 17:14:01 archbook kernel: ACPI: PCI Interrupt Link [LNKG] (IRQs 1 3 4 5 6 7 10 12 14 15) *0, disabled.
Mär 08 17:14:01 archbook kernel: ACPI: PCI Interrupt Link [LNKH] (IRQs 1 3 4 5 6 7 11 12 14 15) *0, disabled.
Mär 08 17:14:01 archbook kernel: ACPI: Enabled 4 GPEs in block 00 to 7F
Mär 08 17:14:01 archbook kernel: ACPI : EC: event unblocked
Mär 08 17:14:01 archbook kernel: ACPI: \_SB_.PCI0.LPCB.EC__: GPE=0x4e, EC_CMD/EC_SC=0x66, EC_DATA=0x62
Mär 08 17:14:01 archbook kernel: ACPI: \_SB_.PCI0.LPCB.EC__: Used as boot DSDT EC to handle transactions and events
Mär 08 17:14:01 archbook kernel: pci 0000:07:00.0: BAR 0: assigned [mem 0xc1700000-0xc173ffff]
Mär 08 17:14:01 archbook kernel: pci 0000:07:00.0: BAR 1: assigned [mem 0xc1740000-0xc1740fff]
Mär 08 17:14:01 archbook kernel: vgaarb: setting as boot device: PCI:0000:00:02.0
Mär 08 17:14:01 archbook kernel: vgaarb: device added: PCI:0000:00:02.0,decodes=io+mem,owns=io+mem,locks=none
Mär 08 17:14:01 archbook kernel: vgaarb: loaded
Mär 08 17:14:01 archbook kernel: vgaarb: bridge control possible 0000:00:02.0
Mär 08 17:14:01 archbook kernel: Registered efivars operations
Mär 08 17:14:01 archbook kernel: PCI: Using ACPI for IRQ routing
Mär 08 17:14:01 archbook kernel: PCI: pci_cache_line_size set to 64 bytes
Mär 08 17:14:01 archbook kernel: e820: reserve RAM buffer [mem 0x00058000-0x0005ffff]
Mär 08 17:14:01 archbook kernel: e820: reserve RAM buffer [mem 0x8ad01000-0x8bffffff]
Mär 08 17:14:01 archbook kernel: e820: reserve RAM buffer [mem 0x8ad61000-0x8bffffff]
Mär 08 17:14:01 archbook kernel: e820: reserve RAM buffer [mem 0x8ae3a000-0x8bffffff]
Mär 08 17:14:01 archbook kernel: e820: reserve RAM buffer [mem 0x8aecc000-0x8bffffff]
Mär 08 17:14:01 archbook kernel: e820: reserve RAM buffer [mem 0x8afaa000-0x8bffffff]
Mär 08 17:14:01 archbook kernel: e820: reserve RAM buffer [mem 0x8b000000-0x8bffffff]
Mär 08 17:14:01 archbook kernel: e820: reserve RAM buffer [mem 0x26f000000-0x26fffffff]
Mär 08 17:14:01 archbook kernel: NetLabel: Initializing
Mär 08 17:14:01 archbook kernel: NetLabel:  domain hash size = 128
Mär 08 17:14:01 archbook kernel: NetLabel:  protocols = UNLABELED CIPSOv4
Mär 08 17:14:01 archbook kernel: NetLabel:  unlabeled traffic allowed by default
Mär 08 17:14:01 archbook kernel: hpet0: at MMIO 0xfed00000, IRQs 2, 8, 0, 0, 0, 0, 0, 0
Mär 08 17:14:01 archbook kernel: hpet0: 8 comparators, 64-bit 14.318180 MHz counter
Mär 08 17:14:01 archbook kernel: clocksource: Switched to clocksource hpet
Mär 08 17:14:01 archbook kernel: VFS: Disk quotas dquot_6.6.0
Mär 08 17:14:01 archbook kernel: VFS: Dquot-cache hash table entries: 512 (order 0, 4096 bytes)
Mär 08 17:14:01 archbook kernel: pnp: PnP ACPI init
Mär 08 17:14:01 archbook kernel: system 00:00: [mem 0xfed00000-0xfed03fff] has been reserved
Mär 08 17:14:01 archbook kernel: system 00:00: Plug and Play ACPI device, IDs PNP0103 PNP0c01 (active)
Mär 08 17:14:01 archbook kernel: system 00:01: [io  0xffff] has been reserved
Mär 08 17:14:01 archbook kernel: system 00:01: [io  0x1800-0x187f] has been reserved
Mär 08 17:14:01 archbook kernel: system 00:01: [io  0x0800-0x087f] has been reserved
Mär 08 17:14:01 archbook kernel: system 00:01: Plug and Play ACPI device, IDs PNP0c02 (active)
Mär 08 17:14:01 archbook kernel: pnp 00:02: Plug and Play ACPI device, IDs PNP0b00 (active)
Mär 08 17:14:01 archbook kernel: system 00:03: [mem 0xfed1c000-0xfed1ffff] has been reserved
Mär 08 17:14:01 archbook kernel: system 00:03: [mem 0xfed10000-0xfed17fff] has been reserved
Mär 08 17:14:01 archbook kernel: system 00:03: [mem 0xfed18000-0xfed18fff] has been reserved
Mär 08 17:14:01 archbook kernel: system 00:03: [mem 0xfed19000-0xfed19fff] has been reserved
Mär 08 17:14:01 archbook kernel: system 00:03: [mem 0xe0000000-0xefffffff] could not be reserved
Mär 08 17:14:01 archbook kernel: system 00:03: [mem 0xfed20000-0xfed3ffff] has been reserved
Mär 08 17:14:01 archbook kernel: system 00:03: [mem 0xfed90000-0xfed93fff] could not be reserved
Mär 08 17:14:01 archbook kernel: system 00:03: [mem 0xfed45000-0xfed8ffff] has been reserved
Mär 08 17:14:01 archbook kernel: system 00:03: [mem 0xff000000-0xffffffff] could not be reserved
Mär 08 17:14:01 archbook kernel: system 00:03: [mem 0xfee00000-0xfeefffff] has been reserved
Mär 08 17:14:01 archbook kernel: system 00:03: Plug and Play ACPI device, IDs PNP0c02 (active)
Mär 08 17:14:01 archbook kernel: system 00:04: [mem 0x20000000-0x201fffff] could not be reserved
Mär 08 17:14:01 archbook kernel: system 00:04: [mem 0x40000000-0x401fffff] could not be reserved
Mär 08 17:14:01 archbook kernel: system 00:04: Plug and Play ACPI device, IDs PNP0c01 (active)
Mär 08 17:14:01 archbook kernel: pnp: PnP ACPI: found 5 devices
Mär 08 17:14:01 archbook kernel: clocksource: acpi_pm: mask: 0xffffff max_cycles: 0xffffff, max_idle_ns: 2085701024 ns
Mär 08 17:14:01 archbook kernel: pci 0000:06:00.0: bridge window [io  0x1000-0x0fff] to [bus 07] add_size 1000
Mär 08 17:14:01 archbook kernel: pci 0000:06:00.0: bridge window [mem 0x00100000-0x000fffff 64bit pref] to [bus 07] add_size 200000 add_align 100000
Mär 08 17:14:01 archbook kernel: pci 0000:06:05.0: bridge window [io  0x1000-0x0fff] to [bus 6a] add_size 1000
Mär 08 17:14:01 archbook kernel: pci 0000:06:05.0: bridge window [mem 0x00100000-0x000fffff 64bit pref] to [bus 6a] add_size 200000 add_align 100000
Mär 08 17:14:01 archbook kernel: pci 0000:06:05.0: bridge window [mem 0x00100000-0x000fffff] to [bus 6a] add_size 200000 add_align 100000
Mär 08 17:14:01 archbook kernel: pci 0000:06:06.0: bridge window [io  0x1000-0x0fff] to [bus 6b] add_size 1000
Mär 08 17:14:01 archbook kernel: pci 0000:06:06.0: bridge window [mem 0x00100000-0x000fffff 64bit pref] to [bus 6b] add_size 200000 add_align 100000
Mär 08 17:14:01 archbook kernel: pci 0000:06:06.0: bridge window [mem 0x00100000-0x000fffff] to [bus 6b] add_size 200000 add_align 100000
Mär 08 17:14:01 archbook kernel: pci 0000:00:1c.0: PCI bridge to [bus 01]
Mär 08 17:14:01 archbook kernel: pci 0000:00:1c.1: PCI bridge to [bus 02]
Mär 08 17:14:01 archbook kernel: pci 0000:00:1c.1:   bridge window [mem 0xc1400000-0xc15fffff]
Mär 08 17:14:01 archbook kernel: pci 0000:00:1c.1:   bridge window [mem 0xa0000000-0xafffffff 64bit pref]
Mär 08 17:14:01 archbook kernel: pci 0000:00:1c.2: PCI bridge to [bus 03]
Mär 08 17:14:01 archbook kernel: pci 0000:00:1c.2:   bridge window [mem 0xc1000000-0xc12fffff]
Mär 08 17:14:01 archbook kernel: pci 0000:06:00.0: res[15]=[mem 0x00100000-0x000fffff 64bit pref] res_to_dev_res add_size 200000 min_align 100000
Mär 08 17:14:01 archbook kernel: pci 0000:06:00.0: res[15]=[mem 0x00100000-0x002fffff 64bit pref] res_to_dev_res add_size 200000 min_align 100000
Mär 08 17:14:01 archbook kernel: pci 0000:06:05.0: res[14]=[mem 0x00100000-0x000fffff] res_to_dev_res add_size 200000 min_align 100000
Mär 08 17:14:01 archbook kernel: pci 0000:06:05.0: res[14]=[mem 0x00100000-0x002fffff] res_to_dev_res add_size 200000 min_align 100000
Mär 08 17:14:01 archbook kernel: pci 0000:06:05.0: res[15]=[mem 0x00100000-0x000fffff 64bit pref] res_to_dev_res add_size 200000 min_align 100000
Mär 08 17:14:01 archbook kernel: pci 0000:06:05.0: res[15]=[mem 0x00100000-0x002fffff 64bit pref] res_to_dev_res add_size 200000 min_align 100000
Mär 08 17:14:01 archbook kernel: pci 0000:06:06.0: res[14]=[mem 0x00100000-0x000fffff] res_to_dev_res add_size 200000 min_align 100000
Mär 08 17:14:01 archbook kernel: pci 0000:06:06.0: res[14]=[mem 0x00100000-0x002fffff] res_to_dev_res add_size 200000 min_align 100000
Mär 08 17:14:01 archbook kernel: pci 0000:06:06.0: res[15]=[mem 0x00100000-0x000fffff 64bit pref] res_to_dev_res add_size 200000 min_align 100000
Mär 08 17:14:01 archbook kernel: pci 0000:06:06.0: res[15]=[mem 0x00100000-0x002fffff 64bit pref] res_to_dev_res add_size 200000 min_align 100000
Mär 08 17:14:01 archbook kernel: pci 0000:06:00.0: res[13]=[io  0x1000-0x0fff] res_to_dev_res add_size 1000 min_align 1000
Mär 08 17:14:01 archbook kernel: pci 0000:06:00.0: res[13]=[io  0x1000-0x1fff] res_to_dev_res add_size 1000 min_align 1000
Mär 08 17:14:01 archbook kernel: pci 0000:06:05.0: res[13]=[io  0x1000-0x0fff] res_to_dev_res add_size 1000 min_align 1000
Mär 08 17:14:01 archbook kernel: pci 0000:06:05.0: res[13]=[io  0x1000-0x1fff] res_to_dev_res add_size 1000 min_align 1000
Mär 08 17:14:01 archbook kernel: pci 0000:06:06.0: res[13]=[io  0x1000-0x0fff] res_to_dev_res add_size 1000 min_align 1000
Mär 08 17:14:01 archbook kernel: pci 0000:06:06.0: res[13]=[io  0x1000-0x1fff] res_to_dev_res add_size 1000 min_align 1000
Mär 08 17:14:01 archbook kernel: pci 0000:06:00.0: BAR 15: no space for [mem size 0x00200000 64bit pref]
Mär 08 17:14:01 archbook kernel: pci 0000:06:00.0: BAR 15: failed to assign [mem size 0x00200000 64bit pref]
Mär 08 17:14:01 archbook kernel: pci 0000:06:05.0: BAR 14: no space for [mem size 0x00200000]
Mär 08 17:14:01 archbook kernel: pci 0000:06:05.0: BAR 14: failed to assign [mem size 0x00200000]
Mär 08 17:14:01 archbook kernel: pci 0000:06:05.0: BAR 15: no space for [mem size 0x00200000 64bit pref]
Mär 08 17:14:01 archbook kernel: pci 0000:06:05.0: BAR 15: failed to assign [mem size 0x00200000 64bit pref]
Mär 08 17:14:01 archbook kernel: pci 0000:06:06.0: BAR 14: no space for [mem size 0x00200000]
Mär 08 17:14:01 archbook kernel: pci 0000:06:06.0: BAR 14: failed to assign [mem size 0x00200000]
Mär 08 17:14:01 archbook kernel: pci 0000:06:06.0: BAR 15: no space for [mem size 0x00200000 64bit pref]
Mär 08 17:14:01 archbook kernel: pci 0000:06:06.0: BAR 15: failed to assign [mem size 0x00200000 64bit pref]
Mär 08 17:14:01 archbook kernel: pci 0000:06:00.0: BAR 13: no space for [io  size 0x1000]
Mär 08 17:14:01 archbook kernel: pci 0000:06:00.0: BAR 13: failed to assign [io  size 0x1000]
Mär 08 17:14:01 archbook kernel: pci 0000:06:05.0: BAR 13: no space for [io  size 0x1000]
Mär 08 17:14:01 archbook kernel: pci 0000:06:05.0: BAR 13: failed to assign [io  size 0x1000]
Mär 08 17:14:01 archbook kernel: pci 0000:06:06.0: BAR 13: no space for [io  size 0x1000]
Mär 08 17:14:01 archbook kernel: pci 0000:06:06.0: BAR 13: failed to assign [io  size 0x1000]
Mär 08 17:14:01 archbook kernel: pci 0000:06:06.0: BAR 14: no space for [mem size 0x00200000]
Mär 08 17:14:01 archbook kernel: pci 0000:06:06.0: BAR 14: failed to assign [mem size 0x00200000]
Mär 08 17:14:01 archbook kernel: pci 0000:06:06.0: BAR 15: no space for [mem size 0x00200000 64bit pref]
Mär 08 17:14:01 archbook kernel: pci 0000:06:06.0: BAR 15: failed to assign [mem size 0x00200000 64bit pref]
Mär 08 17:14:01 archbook kernel: pci 0000:06:06.0: BAR 13: no space for [io  size 0x1000]
Mär 08 17:14:01 archbook kernel: pci 0000:06:06.0: BAR 13: failed to assign [io  size 0x1000]
Mär 08 17:14:01 archbook kernel: pci 0000:06:05.0: BAR 14: no space for [mem size 0x00200000]
Mär 08 17:14:01 archbook kernel: pci 0000:06:05.0: BAR 14: failed to assign [mem size 0x00200000]
Mär 08 17:14:01 archbook kernel: pci 0000:06:05.0: BAR 15: no space for [mem size 0x00200000 64bit pref]
Mär 08 17:14:01 archbook kernel: pci 0000:06:05.0: BAR 15: failed to assign [mem size 0x00200000 64bit pref]
Mär 08 17:14:01 archbook kernel: pci 0000:06:05.0: BAR 13: no space for [io  size 0x1000]
Mär 08 17:14:01 archbook kernel: pci 0000:06:05.0: BAR 13: failed to assign [io  size 0x1000]
Mär 08 17:14:01 archbook kernel: pci 0000:06:00.0: BAR 15: no space for [mem size 0x00200000 64bit pref]
Mär 08 17:14:01 archbook kernel: pci 0000:06:00.0: BAR 15: failed to assign [mem size 0x00200000 64bit pref]
Mär 08 17:14:01 archbook kernel: pci 0000:06:00.0: BAR 13: no space for [io  size 0x1000]
Mär 08 17:14:01 archbook kernel: pci 0000:06:00.0: BAR 13: failed to assign [io  size 0x1000]
Mär 08 17:14:01 archbook kernel: pci 0000:06:00.0: PCI bridge to [bus 07]
Mär 08 17:14:01 archbook kernel: pci 0000:06:00.0:   bridge window [mem 0xc1700000-0xc17fffff]
Mär 08 17:14:01 archbook kernel: pci 0000:06:03.0: PCI bridge to [bus 08-38]
Mär 08 17:14:01 archbook kernel: pci 0000:06:03.0:   bridge window [io  0x4000-0x4fff]
Mär 08 17:14:01 archbook kernel: pci 0000:06:03.0:   bridge window [mem 0xc1800000-0xc57fffff]
Mär 08 17:14:01 archbook kernel: pci 0000:06:03.0:   bridge window [mem 0xcd800000-0xd17fffff 64bit pref]
Mär 08 17:14:01 archbook kernel: pci 0000:06:04.0: PCI bridge to [bus 39-69]
Mär 08 17:14:01 archbook kernel: pci 0000:06:04.0:   bridge window [io  0x5000-0x5fff]
Mär 08 17:14:01 archbook kernel: pci 0000:06:04.0:   bridge window [mem 0xc5800000-0xc97fffff]
Mär 08 17:14:01 archbook kernel: pci 0000:06:04.0:   bridge window [mem 0xd1800000-0xd57fffff 64bit pref]
Mär 08 17:14:01 archbook kernel: pci 0000:06:05.0: PCI bridge to [bus 6a]
Mär 08 17:14:01 archbook kernel: pci 0000:06:06.0: PCI bridge to [bus 6b]
Mär 08 17:14:01 archbook kernel: pci 0000:05:00.0: PCI bridge to [bus 06-6b]
Mär 08 17:14:01 archbook kernel: pci 0000:05:00.0:   bridge window [io  0x4000-0x5fff]
Mär 08 17:14:01 archbook kernel: pci 0000:05:00.0:   bridge window [mem 0xc1700000-0xc97fffff]
Mär 08 17:14:01 archbook kernel: pci 0000:05:00.0:   bridge window [mem 0xcd800000-0xd57fffff 64bit pref]
Mär 08 17:14:01 archbook kernel: pci 0000:00:1c.4: PCI bridge to [bus 05-9b]
Mär 08 17:14:01 archbook kernel: pci 0000:00:1c.4:   bridge window [io  0x4000-0x6fff]
Mär 08 17:14:01 archbook kernel: pci 0000:00:1c.4:   bridge window [mem 0xc1700000-0xcd7fffff]
Mär 08 17:14:01 archbook kernel: pci 0000:00:1c.4:   bridge window [mem 0xcd800000-0xd97fffff 64bit pref]
Mär 08 17:14:01 archbook kernel: pci 0000:00:1c.5: PCI bridge to [bus 04]
Mär 08 17:14:01 archbook kernel: pci 0000:00:1c.5:   bridge window [mem 0xc1300000-0xc13fffff]
Mär 08 17:14:01 archbook kernel: pci_bus 0000:00: resource 4 [io  0x0000-0x0cf7 window]
Mär 08 17:14:01 archbook kernel: pci_bus 0000:00: resource 5 [io  0x0d00-0xffff window]
Mär 08 17:14:01 archbook kernel: pci_bus 0000:00: resource 6 [mem 0x000a0000-0x000bffff window]
Mär 08 17:14:01 archbook kernel: pci_bus 0000:00: resource 7 [mem 0x000c0000-0x000c3fff window]
Mär 08 17:14:01 archbook kernel: pci_bus 0000:00: resource 8 [mem 0x000c4000-0x000c7fff window]
Mär 08 17:14:01 archbook kernel: pci_bus 0000:00: resource 9 [mem 0x000c8000-0x000cbfff window]
Mär 08 17:14:01 archbook kernel: pci_bus 0000:00: resource 10 [mem 0x000cc000-0x000cffff window]
Mär 08 17:14:01 archbook kernel: pci_bus 0000:00: resource 11 [mem 0x000d0000-0x000d3fff window]
Mär 08 17:14:01 archbook kernel: pci_bus 0000:00: resource 12 [mem 0x000d4000-0x000d7fff window]
Mär 08 17:14:01 archbook kernel: pci_bus 0000:00: resource 13 [mem 0x000d8000-0x000dbfff window]
Mär 08 17:14:01 archbook kernel: pci_bus 0000:00: resource 14 [mem 0x000dc000-0x000dffff window]
Mär 08 17:14:01 archbook kernel: pci_bus 0000:00: resource 15 [mem 0x000e0000-0x000e3fff window]
Mär 08 17:14:01 archbook kernel: pci_bus 0000:00: resource 16 [mem 0x000e4000-0x000e7fff window]
Mär 08 17:14:01 archbook kernel: pci_bus 0000:00: resource 17 [mem 0x000e8000-0x000ebfff window]
Mär 08 17:14:01 archbook kernel: pci_bus 0000:00: resource 18 [mem 0x000ec000-0x000effff window]
Mär 08 17:14:01 archbook kernel: pci_bus 0000:00: resource 19 [mem 0x000f0000-0x000fffff window]
Mär 08 17:14:01 archbook kernel: pci_bus 0000:00: resource 20 [mem 0x90000000-0xfeafffff window]
Mär 08 17:14:01 archbook kernel: pci_bus 0000:00: resource 21 [mem 0xfed40000-0xfed44fff window]
Mär 08 17:14:01 archbook kernel: pci_bus 0000:02: resource 1 [mem 0xc1400000-0xc15fffff]
Mär 08 17:14:01 archbook kernel: pci_bus 0000:02: resource 2 [mem 0xa0000000-0xafffffff 64bit pref]
Mär 08 17:14:01 archbook kernel: pci_bus 0000:03: resource 1 [mem 0xc1000000-0xc12fffff]
Mär 08 17:14:01 archbook kernel: pci_bus 0000:05: resource 0 [io  0x4000-0x6fff]
Mär 08 17:14:01 archbook kernel: pci_bus 0000:05: resource 1 [mem 0xc1700000-0xcd7fffff]
Mär 08 17:14:01 archbook kernel: pci_bus 0000:05: resource 2 [mem 0xcd800000-0xd97fffff 64bit pref]
Mär 08 17:14:01 archbook kernel: pci_bus 0000:06: resource 0 [io  0x4000-0x5fff]
Mär 08 17:14:01 archbook kernel: pci_bus 0000:06: resource 1 [mem 0xc1700000-0xc97fffff]
Mär 08 17:14:01 archbook kernel: pci_bus 0000:06: resource 2 [mem 0xcd800000-0xd57fffff 64bit pref]
Mär 08 17:14:01 archbook kernel: pci_bus 0000:07: resource 1 [mem 0xc1700000-0xc17fffff]
Mär 08 17:14:01 archbook kernel: pci_bus 0000:08: resource 0 [io  0x4000-0x4fff]
Mär 08 17:14:01 archbook kernel: pci_bus 0000:08: resource 1 [mem 0xc1800000-0xc57fffff]
Mär 08 17:14:01 archbook kernel: pci_bus 0000:08: resource 2 [mem 0xcd800000-0xd17fffff 64bit pref]
Mär 08 17:14:01 archbook kernel: pci_bus 0000:39: resource 0 [io  0x5000-0x5fff]
Mär 08 17:14:01 archbook kernel: pci_bus 0000:39: resource 1 [mem 0xc5800000-0xc97fffff]
Mär 08 17:14:01 archbook kernel: pci_bus 0000:39: resource 2 [mem 0xd1800000-0xd57fffff 64bit pref]
Mär 08 17:14:01 archbook kernel: pci_bus 0000:04: resource 1 [mem 0xc1300000-0xc13fffff]
Mär 08 17:14:01 archbook kernel: NET: Registered protocol family 2
Mär 08 17:14:01 archbook kernel: TCP established hash table entries: 65536 (order: 7, 524288 bytes)
Mär 08 17:14:01 archbook kernel: TCP bind hash table entries: 65536 (order: 8, 1048576 bytes)
Mär 08 17:14:01 archbook kernel: TCP: Hash tables configured (established 65536 bind 65536)
Mär 08 17:14:01 archbook kernel: UDP hash table entries: 4096 (order: 5, 131072 bytes)
Mär 08 17:14:01 archbook kernel: UDP-Lite hash table entries: 4096 (order: 5, 131072 bytes)
Mär 08 17:14:01 archbook kernel: NET: Registered protocol family 1
Mär 08 17:14:01 archbook kernel: pci 0000:00:02.0: Video device with shadowed ROM at [mem 0x000c0000-0x000dffff]
Mär 08 17:14:01 archbook kernel: PCI: CLS 256 bytes, default 64
Mär 08 17:14:01 archbook kernel: Unpacking initramfs...
Mär 08 17:14:01 archbook kernel: Freeing initrd memory: 5588K (ffff8800751b6000 - ffff88007572b000)
Mär 08 17:14:01 archbook kernel: PCI-DMA: Using software bounce buffering for IO (SWIOTLB)
Mär 08 17:14:01 archbook kernel: software IO TLB [mem 0x711b6000-0x751b6000] (64MB) mapped at [ffff8800711b6000-ffff8800751b5fff]
Mär 08 17:14:01 archbook kernel: Scanning for low memory corruption every 60 seconds
Mär 08 17:14:01 archbook kernel: futex hash table entries: 1024 (order: 4, 65536 bytes)
Mär 08 17:14:01 archbook kernel: Initialise system trusted keyrings
Mär 08 17:14:01 archbook kernel: workingset: timestamp_bits=40 max_order=21 bucket_order=0
Mär 08 17:14:01 archbook kernel: zbud: loaded
Mär 08 17:14:01 archbook kernel: Key type asymmetric registered
Mär 08 17:14:01 archbook kernel: Block layer SCSI generic (bsg) driver version 0.4 loaded (major 249)
Mär 08 17:14:01 archbook kernel: io scheduler noop registered
Mär 08 17:14:01 archbook kernel: io scheduler deadline registered (default)
Mär 08 17:14:01 archbook kernel: io scheduler cfq registered
Mär 08 17:14:01 archbook kernel: pci_hotplug: PCI Hot Plug PCI Core version: 0.5
Mär 08 17:14:01 archbook kernel: pciehp 0000:06:00.0:pcie204: Slot #0 AttnBtn- PwrCtrl- MRL- AttnInd- PwrInd- HotPlug+ Surprise+ Interlock- NoCompl+ LLActRep+
Mär 08 17:14:01 archbook kernel: pciehp 0000:06:00.0:pcie204: service driver pciehp loaded
Mär 08 17:14:01 archbook kernel: pciehp 0000:06:03.0:pcie204: Slot #3 AttnBtn- PwrCtrl- MRL- AttnInd- PwrInd- HotPlug+ Surprise+ Interlock- NoCompl+ LLActRep+
Mär 08 17:14:01 archbook kernel: pciehp 0000:06:03.0:pcie204: service driver pciehp loaded
Mär 08 17:14:01 archbook kernel: pciehp 0000:06:04.0:pcie204: Slot #4 AttnBtn- PwrCtrl- MRL- AttnInd- PwrInd- HotPlug+ Surprise+ Interlock- NoCompl+ LLActRep+
Mär 08 17:14:01 archbook kernel: pciehp 0000:06:04.0:pcie204: service driver pciehp loaded
Mär 08 17:14:01 archbook kernel: pciehp 0000:06:05.0:pcie204: Slot #5 AttnBtn- PwrCtrl- MRL- AttnInd- PwrInd- HotPlug+ Surprise+ Interlock- NoCompl+ LLActRep+
Mär 08 17:14:01 archbook kernel: pciehp 0000:06:05.0:pcie204: service driver pciehp loaded
Mär 08 17:14:01 archbook kernel: pciehp 0000:06:06.0:pcie204: Slot #6 AttnBtn- PwrCtrl- MRL- AttnInd- PwrInd- HotPlug+ Surprise+ Interlock- NoCompl+ LLActRep+
Mär 08 17:14:01 archbook kernel: pciehp 0000:06:06.0:pcie204: service driver pciehp loaded
Mär 08 17:14:01 archbook kernel: pciehp: PCI Express Hot Plug Controller Driver version: 0.4
Mär 08 17:14:01 archbook kernel: efifb: probing for efifb
Mär 08 17:14:01 archbook kernel: efifb: framebuffer at 0xb0000000, using 5400k, total 5400k
Mär 08 17:14:01 archbook kernel: efifb: mode is 1440x900x32, linelength=6144, pages=1
Mär 08 17:14:01 archbook kernel: efifb: scrolling: redraw
Mär 08 17:14:01 archbook kernel: efifb: Truecolor: size=8:8:8:8, shift=24:16:8:0
Mär 08 17:14:01 archbook kernel: Console: switching to colour frame buffer device 180x56
Mär 08 17:14:01 archbook kernel: fb0: EFI VGA frame buffer device
Mär 08 17:14:01 archbook kernel: intel_idle: MWAIT substates: 0x11142120
Mär 08 17:14:01 archbook kernel: intel_idle: v0.4.1 model 0x3D
Mär 08 17:14:01 archbook kernel: intel_idle: lapic_timer_reliable_states 0xffffffff
Mär 08 17:14:01 archbook kernel: GHES: HEST is not enabled!
Mär 08 17:14:01 archbook kernel: dw_dmac_pci 0000:00:15.0: DesignWare DMA Controller, 8 channels
Mär 08 17:14:01 archbook kernel: Serial: 8250/16550 driver, 4 ports, IRQ sharing enabled
Mär 08 17:14:01 archbook kernel: Linux agpgart interface v0.103
Mär 08 17:14:01 archbook kernel: rtc_cmos 00:02: RTC can wake from S4
Mär 08 17:14:01 archbook kernel: rtc_cmos 00:02: rtc core: registered rtc_cmos as rtc0
Mär 08 17:14:01 archbook kernel: rtc_cmos 00:02: alarms up to one month, y3k, 242 bytes nvram, hpet irqs
Mär 08 17:14:01 archbook kernel: intel_pstate: Intel P-state driver initializing
Mär 08 17:14:01 archbook kernel: ledtrig-cpu: registered to indicate activity on CPUs
Mär 08 17:14:01 archbook kernel: NET: Registered protocol family 10
Mär 08 17:14:01 archbook kernel: NET: Registered protocol family 17
Mär 08 17:14:01 archbook kernel: microcode: sig=0x306d4, pf=0x40, revision=0x21
Mär 08 17:14:01 archbook kernel: microcode: Microcode Update Driver: v2.01 <tigran@aivazian.fsnet.co.uk>, Peter Oruba
Mär 08 17:14:01 archbook kernel: registered taskstats version 1
Mär 08 17:14:01 archbook kernel: Loading compiled-in X.509 certificates
Mär 08 17:14:01 archbook kernel: zswap: loaded using pool lzo/zbud
Mär 08 17:14:01 archbook kernel:   Magic number: 9:446:236
Mär 08 17:14:01 archbook kernel: rtc_cmos 00:02: setting system clock to 2017-03-08 16:14:00 UTC (1488989640)
Mär 08 17:14:01 archbook kernel: PM: Checking hibernation image partition /dev/sda5
Mär 08 17:14:01 archbook kernel: PM: Hibernation image not present or could not be loaded.
Mär 08 17:14:01 archbook kernel: Freeing unused kernel memory: 1280K (ffffffff81b0d000 - ffffffff81c4d000)
Mär 08 17:14:01 archbook kernel: Write protecting the kernel read-only data: 10240k
Mär 08 17:14:01 archbook kernel: Freeing unused kernel memory: 1972K (ffff880001613000 - ffff880001800000)
Mär 08 17:14:01 archbook kernel: Freeing unused kernel memory: 104K (ffff8800019e6000 - ffff880001a00000)
Mär 08 17:14:01 archbook kernel: random: systemd-tmpfile: uninitialized urandom read (16 bytes read)
Mär 08 17:14:01 archbook kernel: random: systemd-udevd: uninitialized urandom read (16 bytes read)
Mär 08 17:14:01 archbook kernel: random: systemd-udevd: uninitialized urandom read (16 bytes read)
Mär 08 17:14:01 archbook kernel: random: udevadm: uninitialized urandom read (16 bytes read)
Mär 08 17:14:01 archbook kernel: random: udevadm: uninitialized urandom read (16 bytes read)
Mär 08 17:14:01 archbook kernel: random: systemd-udevd: uninitialized urandom read (16 bytes read)
Mär 08 17:14:01 archbook kernel: random: systemd-udevd: uninitialized urandom read (16 bytes read)
Mär 08 17:14:01 archbook kernel: random: systemd-udevd: uninitialized urandom read (16 bytes read)
Mär 08 17:14:01 archbook kernel: random: systemd-udevd: uninitialized urandom read (16 bytes read)
Mär 08 17:14:01 archbook kernel: random: systemd-udevd: uninitialized urandom read (16 bytes read)
Mär 08 17:14:01 archbook kernel: ACPI: bus type USB registered
Mär 08 17:14:01 archbook kernel: usbcore: registered new interface driver usbfs
Mär 08 17:14:01 archbook kernel: usbcore: registered new interface driver hub
Mär 08 17:14:01 archbook kernel: usbcore: registered new device driver usb
Mär 08 17:14:01 archbook kernel: xhci_hcd 0000:00:14.0: xHCI Host Controller
Mär 08 17:14:01 archbook kernel: xhci_hcd 0000:00:14.0: new USB bus registered, assigned bus number 1
Mär 08 17:14:01 archbook kernel: xhci_hcd 0000:00:14.0: hcc params 0x200077c1 hci version 0x100 quirks 0x0004b810
Mär 08 17:14:01 archbook kernel: xhci_hcd 0000:00:14.0: cache line size of 256 is not supported
Mär 08 17:14:01 archbook kernel: hub 1-0:1.0: USB hub found
Mär 08 17:14:01 archbook kernel: hub 1-0:1.0: 11 ports detected
Mär 08 17:14:01 archbook kernel: xhci_hcd 0000:00:14.0: xHCI Host Controller
Mär 08 17:14:01 archbook kernel: xhci_hcd 0000:00:14.0: new USB bus registered, assigned bus number 2
Mär 08 17:14:01 archbook kernel: hub 2-0:1.0: USB hub found
Mär 08 17:14:01 archbook kernel: hub 2-0:1.0: 4 ports detected
Mär 08 17:14:01 archbook kernel: usb: port power management may be unreliable
Mär 08 17:14:01 archbook kernel: SCSI subsystem initialized
Mär 08 17:14:01 archbook kernel: libata version 3.00 loaded.
Mär 08 17:14:01 archbook kernel: ahci 0000:04:00.0: version 3.0
Mär 08 17:14:01 archbook kernel: ahci 0000:04:00.0: AHCI 0001.0300 32 slots 1 ports 6 Gbps 0x1 impl SATA mode
Mär 08 17:14:01 archbook kernel: ahci 0000:04:00.0: flags: 64bit ncq led clo only pio ccc 
Mär 08 17:14:01 archbook kernel: scsi host0: ahci
Mär 08 17:14:01 archbook kernel: ata1: SATA max UDMA/133 abar m8192@0xc1300000 port 0xc1300100 irq 49
Mär 08 17:14:01 archbook kernel: usb 2-3: new SuperSpeed USB device number 2 using xhci_hcd
Mär 08 17:14:01 archbook kernel: usb-storage 2-3:1.0: USB Mass Storage device detected
Mär 08 17:14:01 archbook kernel: scsi host1: usb-storage 2-3:1.0
Mär 08 17:14:01 archbook kernel: usbcore: registered new interface driver usb-storage
Mär 08 17:14:01 archbook kernel: usbcore: registered new interface driver uas
Mär 08 17:14:01 archbook kernel: usb 1-3: new full-speed USB device number 2 using xhci_hcd
Mär 08 17:14:01 archbook kernel: ata1: SATA link up 6.0 Gbps (SStatus 133 SControl 300)
Mär 08 17:14:01 archbook kernel: ata1.00: unexpected _GTF length (8)
Mär 08 17:14:01 archbook kernel: ata1.00: ATA-8: APPLE SSD SM0128G, BXW3SA0Q, max UDMA/133
Mär 08 17:14:01 archbook kernel: ata1.00: 236978176 sectors, multi 16: LBA48 NCQ (depth 31/32), AA
Mär 08 17:14:01 archbook kernel: ata1.00: unexpected _GTF length (8)
Mär 08 17:14:01 archbook kernel: ata1.00: configured for UDMA/133
Mär 08 17:14:01 archbook kernel: scsi 0:0:0:0: Direct-Access     ATA      APPLE SSD SM0128 SA0Q PQ: 0 ANSI: 5
Mär 08 17:14:01 archbook kernel: sd 0:0:0:0: [sda] 236978176 512-byte logical blocks: (121 GB/113 GiB)
Mär 08 17:14:01 archbook kernel: sd 0:0:0:0: [sda] 4096-byte physical blocks
Mär 08 17:14:01 archbook kernel: sd 0:0:0:0: [sda] Write Protect is off
Mär 08 17:14:01 archbook kernel: sd 0:0:0:0: [sda] Mode Sense: 00 3a 00 00
Mär 08 17:14:01 archbook kernel: sd 0:0:0:0: [sda] Write cache: enabled, read cache: enabled, doesn't support DPO or FUA
Mär 08 17:14:01 archbook kernel:  sda: sda1 sda2 sda3 sda4 sda5
Mär 08 17:14:01 archbook kernel: sd 0:0:0:0: [sda] Attached SCSI disk
Mär 08 17:14:01 archbook kernel: hub 1-3:1.0: USB hub found
Mär 08 17:14:01 archbook kernel: hub 1-3:1.0: 3 ports detected
Mär 08 17:14:01 archbook kernel: EXT4-fs (sda2): mounted filesystem with ordered data mode. Opts: (null)
Mär 08 17:14:01 archbook kernel: random: fast init done
Mär 08 17:14:01 archbook kernel: ip_tables: (C) 2000-2006 Netfilter Core Team
Mär 08 17:14:01 archbook kernel: usb 1-5: new full-speed USB device number 3 using xhci_hcd
Mär 08 17:14:01 archbook systemd[1]: systemd 232 running in system mode. (+PAM -AUDIT -SELINUX -IMA -APPARMOR +SMACK -SYSVINIT +UTMP +LIBCRYPTSETUP +GCRYPT +GNUTLS +ACL +XZ +LZ4 +SECCOMP +BLKID +ELFUTILS +KMOD +IDN)
Mär 08 17:14:01 archbook systemd[1]: Detected architecture x86-64.
Mär 08 17:14:01 archbook systemd[1]: Set hostname to <archbook>.
Mär 08 17:14:01 archbook systemd[1]: [/etc/systemd/system/powertop.service:10] Executable path is not absolute, ignoring: exit
Mär 08 17:14:01 archbook systemd[1]: Started Forward Password Requests to Wall Directory Watch.
Mär 08 17:14:01 archbook systemd[1]: Listening on udev Control Socket.
Mär 08 17:14:01 archbook systemd[1]: Created slice System Slice.
Mär 08 17:14:01 archbook systemd[1]: Created slice system-systemd\x2dfsck.slice.
Mär 08 17:14:01 archbook systemd[1]: Created slice system-getty.slice.
Mär 08 17:14:01 archbook systemd[1]: Reached target Login Prompts.
Mär 08 17:14:01 archbook kernel: EXT4-fs (sda2): re-mounted. Opts: data=ordered
Mär 08 17:14:01 archbook systemd-journald[144]: Journal started
Mär 08 17:14:01 archbook systemd-journald[144]: System journal (/var/log/journal/bd9b46441fee44b5b33a5db7607aad88) is 72.0M, max 1.0G, 997.5M free.
Mär 08 17:14:01 archbook systemd-modules-load[143]: Inserted module 'coretemp'
Mär 08 17:14:01 archbook systemd-modules-load[143]: Failed to find module 'applemsc'
Mär 08 17:14:01 archbook systemd-modules-load[143]: Inserted module 'msr'
Mär 08 17:14:01 archbook systemd[1]: Starting Flush Journal to Persistent Storage...
Mär 08 17:14:01 archbook systemd-journald[144]: System journal (/var/log/journal/bd9b46441fee44b5b33a5db7607aad88) is 72.0M, max 1.0G, 997.5M free.
Mär 08 17:14:01 archbook kernel: usb 1-3.1: new full-speed USB device number 4 using xhci_hcd
Mär 08 17:14:01 archbook systemd[1]: Started Flush Journal to Persistent Storage.
Mär 08 17:14:01 archbook kernel: tsc: Refined TSC clocksource calibration: 1599.999 MHz
Mär 08 17:14:01 archbook kernel: clocksource: tsc: mask: 0xffffffffffffffff max_cycles: 0x171023f09ff, max_idle_ns: 440795233615 ns
Mär 08 17:14:01 archbook kernel: shpchp: Standard Hot Plug PCI Controller Driver version: 0.4
Mär 08 17:14:01 archbook kernel: input: Lid Switch as /devices/LNXSYSTM:00/LNXSYBUS:00/PNP0C0D:00/input/input0
Mär 08 17:14:01 archbook kernel: ACPI: Lid Switch [LID0]
Mär 08 17:14:01 archbook kernel: input: Power Button as /devices/LNXSYSTM:00/LNXSYBUS:00/PNP0C0C:00/input/input1
Mär 08 17:14:01 archbook kernel: ACPI: Power Button [PWRB]
Mär 08 17:14:01 archbook kernel: input: Sleep Button as /devices/LNXSYSTM:00/LNXSYBUS:00/PNP0C0E:00/input/input2
Mär 08 17:14:01 archbook kernel: ACPI: Sleep Button [SLPB]
Mär 08 17:14:01 archbook kernel: input: Power Button as /devices/LNXSYSTM:00/LNXPWRBN:00/input/input3
Mär 08 17:14:01 archbook kernel: ACPI: Power Button [PWRF]
Mär 08 17:14:01 archbook kernel: ACPI: AC Adapter [ADP1] (off-line)
Mär 08 17:14:01 archbook kernel: FUJITSU Extended Socket Network Device Driver - version 1.1 - Copyright (c) 2015 FUJITSU LIMITED
Mär 08 17:14:01 archbook kernel: ACPI: SBS HC: EC = 0xffff8802660b3e00, offset = 0x20, query_bit = 0x10
Mär 08 17:14:01 archbook kernel: [drm] Initialized
Mär 08 17:14:01 archbook kernel: thunderbolt 0000:07:00.0: NHI initialized, starting thunderbolt
Mär 08 17:14:01 archbook kernel: snd_hda_codec_cirrus hdaudioC1D0: autoconfig for CS4208: line_outs=1 (0x12/0x0/0x0/0x0/0x0) type:speaker
Mär 08 17:14:01 archbook kernel: snd_hda_codec_cirrus hdaudioC1D0:    speaker_outs=0 (0x0/0x0/0x0/0x0/0x0)
Mär 08 17:14:01 archbook kernel: snd_hda_codec_cirrus hdaudioC1D0:    hp_outs=1 (0x10/0x0/0x0/0x0/0x0)
Mär 08 17:14:01 archbook kernel: snd_hda_codec_cirrus hdaudioC1D0:    mono: mono_out=0x0
Mär 08 17:14:01 archbook kernel: snd_hda_codec_cirrus hdaudioC1D0:    inputs:
Mär 08 17:14:01 archbook kernel: snd_hda_codec_cirrus hdaudioC1D0:      Internal Mic=0x1c
Mär 08 17:14:01 archbook kernel: thunderbolt 0000:07:00.0: allocating TX ring 0 of size 10
Mär 08 17:14:01 archbook kernel: snd_hda_codec_cirrus hdaudioC1D0:      Mic=0x18
Mär 08 17:14:01 archbook kernel: thunderbolt 0000:07:00.0: allocating RX ring 0 of size 10
Mär 08 17:14:01 archbook kernel: thunderbolt 0000:07:00.0: control channel created
Mär 08 17:14:01 archbook kernel: thunderbolt 0000:07:00.0: control channel starting...
Mär 08 17:14:01 archbook kernel: thunderbolt 0000:07:00.0: starting TX ring 0
Mär 08 17:14:01 archbook kernel: thunderbolt 0000:07:00.0: enabling interrupt at register 0x38200 bit 0 (0x0 -> 0x1)
Mär 08 17:14:01 archbook kernel: thunderbolt 0000:07:00.0: starting RX ring 0
Mär 08 17:14:01 archbook kernel: thunderbolt 0000:07:00.0: enabling interrupt at register 0x38200 bit 12 (0x1 -> 0x1001)
Mär 08 17:14:01 archbook kernel: thunderbolt 0000:07:00.0: initializing Switch at 0x0 (depth: 0, up port: 5)
Mär 08 17:14:01 archbook kernel: thunderbolt 0000:07:00.0: old switch config:
Mär 08 17:14:01 archbook kernel: thunderbolt 0000:07:00.0:  Switch: 8086:156b (Revision: 0, TB Version: 2)
Mär 08 17:14:01 archbook kernel: thunderbolt 0000:07:00.0:   Max Port Number: 12
Mär 08 17:14:01 archbook kernel: thunderbolt 0000:07:00.0:   Config:
Mär 08 17:14:01 archbook kernel: thunderbolt 0000:07:00.0:    Upstream Port Number: 5 Depth: 0 Route String: 0x0 Enabled: 1, PlugEventsDelay: 255ms
Mär 08 17:14:01 archbook kernel: thunderbolt 0000:07:00.0:    unknown1: 0x0 unknown4: 0x0
Mär 08 17:14:01 archbook kernel: input: HDA Intel PCH Mic as /devices/pci0000:00/0000:00:1b.0/sound/card1/input4
Mär 08 17:14:01 archbook kernel: input: HDA Intel PCH Headphone as /devices/pci0000:00/0000:00:1b.0/sound/card1/input5
Mär 08 17:14:01 archbook kernel: input: PC Speaker as /devices/platform/pcspkr/input/input6
Mär 08 17:14:01 archbook kernel: RAPL PMU: API unit is 2^-32 Joules, 4 fixed counters, 655360 ms ovfl timer
Mär 08 17:14:01 archbook kernel: RAPL PMU: hw unit of domain pp0-core 2^-14 Joules
Mär 08 17:14:01 archbook kernel: RAPL PMU: hw unit of domain package 2^-14 Joules
Mär 08 17:14:01 archbook kernel: RAPL PMU: hw unit of domain dram 2^-14 Joules
Mär 08 17:14:01 archbook kernel: RAPL PMU: hw unit of domain pp1-gpu 2^-14 Joules
Mär 08 17:14:01 archbook kernel: i801_smbus 0000:00:1f.3: SPD Write Disable is set
Mär 08 17:14:01 archbook kernel: i801_smbus 0000:00:1f.3: SMBus using PCI interrupt
Mär 08 17:14:01 archbook kernel: Setting dangerous option enable_rc6 - tainting kernel
Mär 08 17:14:01 archbook kernel: Setting dangerous option enable_fbc - tainting kernel
Mär 08 17:14:01 archbook kernel: i915: unknown parameter 'lvds_downclock' ignored
Mär 08 17:14:01 archbook kernel: [drm] Memory usable by graphics device = 4096M
Mär 08 17:14:01 archbook kernel: checking generic (b0000000 546000) vs hw (b0000000 10000000)
Mär 08 17:14:01 archbook kernel: fb: switching to inteldrmfb from EFI VGA
Mär 08 17:14:01 archbook kernel: Console: switching to colour dummy device 80x25
Mär 08 17:14:01 archbook kernel: [drm] Replacing VGA console driver
Mär 08 17:14:01 archbook kernel: ACPI: Smart Battery System [SBS0]: Battery Slot [BAT0] (battery present)
Mär 08 17:14:01 archbook kernel: [drm] Supports vblank timestamp caching Rev 2 (21.10.2013).
Mär 08 17:14:01 archbook kernel: [drm] Driver supports precise vblank timestamp query.
Mär 08 17:14:01 archbook kernel: vgaarb: device changed decodes: PCI:0000:00:02.0,olddecodes=io+mem,decodes=io+mem:owns=io+mem
Mär 08 17:14:01 archbook kernel: AVX2 version of gcm_enc/dec engaged.
Mär 08 17:14:01 archbook kernel: AES CTR mode by8 optimization enabled
Mär 08 17:14:01 archbook kernel: thunderbolt 0000:07:00.0: 0: uid: 0x10018036f9810
Mär 08 17:14:01 archbook kernel: thunderbolt 0000:07:00.0:  Port 0: 8086:156b (Revision: 0, TB Version: 1, Type: Port (0x1))
Mär 08 17:14:01 archbook kernel: thunderbolt 0000:07:00.0:   Max hop id (in/out): 7/7
Mär 08 17:14:01 archbook kernel: thunderbolt 0000:07:00.0:   Max counters: 8
Mär 08 17:14:01 archbook kernel: thunderbolt 0000:07:00.0:   NFC Credits: 0x700000
Mär 08 17:14:01 archbook kernel: thunderbolt 0000:07:00.0:  Port 1: 8086:156b (Revision: 0, TB Version: 1, Type: Port (0x1))
Mär 08 17:14:01 archbook kernel: thunderbolt 0000:07:00.0:   Max hop id (in/out): 15/15
Mär 08 17:14:01 archbook kernel: thunderbolt 0000:07:00.0:   Max counters: 16
Mär 08 17:14:01 archbook kernel: thunderbolt 0000:07:00.0:   NFC Credits: 0x3c00000
Mär 08 17:14:01 archbook kernel: thunderbolt 0000:07:00.0:  Port 2: 8086:156b (Revision: 0, TB Version: 1, Type: Port (0x1))
Mär 08 17:14:01 archbook kernel: thunderbolt 0000:07:00.0:   Max hop id (in/out): 15/15
Mär 08 17:14:01 archbook kernel: thunderbolt 0000:07:00.0:   Max counters: 16
Mär 08 17:14:01 archbook kernel: thunderbolt 0000:07:00.0:   NFC Credits: 0x3c00000
Mär 08 17:14:01 archbook kernel: thunderbolt 0000:07:00.0:  Port 3: 8086:156b (Revision: 0, TB Version: 1, Type: Port (0x1))
Mär 08 17:14:01 archbook kernel: thunderbolt 0000:07:00.0:   Max hop id (in/out): 15/15
Mär 08 17:14:01 archbook kernel: thunderbolt 0000:07:00.0:   Max counters: 16
Mär 08 17:14:01 archbook kernel: thunderbolt 0000:07:00.0:   NFC Credits: 0x3c00000
Mär 08 17:14:01 archbook kernel: thunderbolt 0000:07:00.0:  Port 4: 8086:156b (Revision: 0, TB Version: 1, Type: Port (0x1))
Mär 08 17:14:01 archbook kernel: thunderbolt 0000:07:00.0:   Max hop id (in/out): 15/15
Mär 08 17:14:01 archbook kernel: thunderbolt 0000:07:00.0:   Max counters: 16
Mär 08 17:14:01 archbook kernel: thunderbolt 0000:07:00.0:   NFC Credits: 0x3c00000
Mär 08 17:14:01 archbook kernel: thunderbolt 0000:07:00.0:  Port 5: 8086:156b (Revision: 0, TB Version: 1, Type: NHI (0x2))
Mär 08 17:14:01 archbook kernel: thunderbolt 0000:07:00.0:   Max hop id (in/out): 11/11
Mär 08 17:14:01 archbook kernel: thunderbolt 0000:07:00.0:   Max counters: 16
Mär 08 17:14:01 archbook kernel: thunderbolt 0000:07:00.0:   NFC Credits: 0xf00000
Mär 08 17:14:01 archbook kernel: thunderbolt 0000:07:00.0:  Port 6: 8086:156b (Revision: 0, TB Version: 1, Type: PCIe (0x100101))
Mär 08 17:14:01 archbook kernel: thunderbolt 0000:07:00.0:   Max hop id (in/out): 8/8
Mär 08 17:14:01 archbook kernel: thunderbolt 0000:07:00.0:   Max counters: 2
Mär 08 17:14:01 archbook kernel: thunderbolt 0000:07:00.0:   NFC Credits: 0x700000
Mär 08 17:14:01 archbook kernel: thunderbolt 0000:07:00.0:  Port 7: 8086:156b (Revision: 0, TB Version: 1, Type: PCIe (0x100101))
Mär 08 17:14:01 archbook kernel: thunderbolt 0000:07:00.0:   Max hop id (in/out): 8/8
Mär 08 17:14:01 archbook kernel: thunderbolt 0000:07:00.0:   Max counters: 2
Mär 08 17:14:01 archbook kernel: thunderbolt 0000:07:00.0:   NFC Credits: 0x700000
Mär 08 17:14:01 archbook kernel: thunderbolt 0000:07:00.0:  Port 8: 8086:156b (Revision: 0, TB Version: 1, Type: PCIe (0x100101))
Mär 08 17:14:01 archbook kernel: thunderbolt 0000:07:00.0:   Max hop id (in/out): 8/8
Mär 08 17:14:01 archbook kernel: thunderbolt 0000:07:00.0:   Max counters: 2
Mär 08 17:14:01 archbook kernel: thunderbolt 0000:07:00.0:   NFC Credits: 0x700000
Mär 08 17:14:01 archbook kernel: thunderbolt 0000:07:00.0:  Port 9: 8086:156b (Revision: 0, TB Version: 1, Type: PCIe (0x100101))
Mär 08 17:14:01 archbook kernel: thunderbolt 0000:07:00.0:   Max hop id (in/out): 8/8
Mär 08 17:14:01 archbook kernel: thunderbolt 0000:07:00.0:   Max counters: 2
Mär 08 17:14:01 archbook kernel: thunderbolt 0000:07:00.0:   NFC Credits: 0x700000
Mär 08 17:14:01 archbook kernel: thunderbolt 0000:07:00.0:  Port 10: ffff:ffff (Revision: 0, TB Version: 1, Type: DP/HDMI (0xe0102))
Mär 08 17:14:01 archbook kernel: thunderbolt 0000:07:00.0:   Max hop id (in/out): 9/9
Mär 08 17:14:01 archbook kernel: thunderbolt 0000:07:00.0:   Max counters: 2
Mär 08 17:14:01 archbook kernel: thunderbolt 0000:07:00.0:   NFC Credits: 0x700000
Mär 08 17:14:01 archbook kernel: thunderbolt 0000:07:00.0:  Port 11: 8086:156b (Revision: 0, TB Version: 1, Type: DP/HDMI (0xe0101))
Mär 08 17:14:01 archbook kernel: thunderbolt 0000:07:00.0:   Max hop id (in/out): 9/9
Mär 08 17:14:01 archbook kernel: thunderbolt 0000:07:00.0:   Max counters: 2
Mär 08 17:14:01 archbook kernel: thunderbolt 0000:07:00.0:   NFC Credits: 0xf00000
Mär 08 17:14:01 archbook kernel: thunderbolt 0000:07:00.0:  Port 12: 8086:156b (Revision: 0, TB Version: 1, Type: DP/HDMI (0xe0101))
Mär 08 17:14:01 archbook kernel: thunderbolt 0000:07:00.0:   Max hop id (in/out): 9/9
Mär 08 17:14:01 archbook kernel: thunderbolt 0000:07:00.0:   Max counters: 2
Mär 08 17:14:01 archbook kernel: thunderbolt 0000:07:00.0:   NFC Credits: 0xf00000
Mär 08 17:14:01 archbook kernel: thunderbolt 0000:07:00.0: 0:1: is unplugged (state: 7)
Mär 08 17:14:01 archbook kernel: thunderbolt 0000:07:00.0: 0:3: is disabled (state: 0)
Mär 08 17:14:01 archbook systemd[1]: Found device APPLE_SSD_SM0128G PKG.
Mär 08 17:14:01 archbook systemd[1]: Starting File System Check on /dev/disk/by-uuid/015b857e-0d6a-494b-ac8d-02c262dc55db...
Mär 08 17:14:01 archbook kernel: usb 1-3.2: new full-speed USB device number 5 using xhci_hcd
Mär 08 17:14:01 archbook systemd[1]: Found device APPLE_SSD_SM0128G BOOT.
Mär 08 17:14:01 archbook systemd[1]: Starting File System Check on /dev/disk/by-uuid/724E-F3DA...
Mär 08 17:14:01 archbook kernel: ACPI: Video Device [IGPU] (multi-head: yes  rom: no  post: no)
Mär 08 17:14:01 archbook kernel: acpi device:02: registered as cooling_device4
Mär 08 17:14:01 archbook kernel: input: Video Bus as /devices/LNXSYSTM:00/LNXSYBUS:00/PNP0A08:00/LNXVIDEO:00/input/input7
Mär 08 17:14:01 archbook systemd[1]: Found device APPLE_SSD_SM0128G HOME.
Mär 08 17:14:01 archbook systemd[1]: Found device APPLE_SSD_SM0128G SWAP.
Mär 08 17:14:01 archbook systemd[1]: Activating swap /dev/disk/by-uuid/880de610-4ad3-48b6-981e-5b9a8ada6ae4...
Mär 08 17:14:01 archbook systemd[1]: Starting File System Check on /dev/disk/by-uuid/89f54f15-782c-4180-9d3a-adcbb84a4e85...
Mär 08 17:14:01 archbook kernel: iTCO_vendor_support: vendor-support=0
Mär 08 17:14:01 archbook kernel: wl: loading out-of-tree module taints kernel.
Mär 08 17:14:01 archbook kernel: wl: module license 'MIXED/Proprietary' taints kernel.
Mär 08 17:14:01 archbook kernel: Disabling lock debugging due to kernel taint
Mär 08 17:14:01 archbook kernel: iTCO_wdt: Intel TCO WatchDog Timer Driver v1.11
Mär 08 17:14:01 archbook kernel: iTCO_wdt: unable to reset NO_REBOOT flag, device disabled by hardware/BIOS
Mär 08 17:14:01 archbook kernel: Adding 3253244k swap on /dev/sda5.  Priority:-1 extents:1 across:3253244k SSFS
Mär 08 17:14:01 archbook systemd[1]: Listening on Load/Save RF Kill Switch Status /dev/rfkill Watch.
Mär 08 17:14:01 archbook kernel: applesmc: key=612 fan=1 temp=33 index=33 acc=0 lux=2 kbd=1
Mär 08 17:14:01 archbook systemd-fsck[235]: HOME: sauber, 34050/5988352 Dateien, 910087/23926016 Blöcke
Mär 08 17:14:01 archbook systemd[1]: Activated swap /dev/disk/by-uuid/880de610-4ad3-48b6-981e-5b9a8ada6ae4.
Mär 08 17:14:01 archbook systemd[1]: Reached target Swap.
Mär 08 17:14:01 archbook systemd-fsck[207]: PKG: sauber, 966/488640 Dateien, 372427/1953024 Blöcke
Mär 08 17:14:01 archbook systemd[1]: Mounting Temporary Directory...
Mär 08 17:14:01 archbook systemd[1]: Reached target Sound Card.
Mär 08 17:14:01 archbook systemd[1]: Mounted Temporary Directory.
Mär 08 17:14:01 archbook systemd[1]: Started File System Check on /dev/disk/by-uuid/89f54f15-782c-4180-9d3a-adcbb84a4e85.
Mär 08 17:14:01 archbook systemd[1]: Started File System Check on /dev/disk/by-uuid/015b857e-0d6a-494b-ac8d-02c262dc55db.
Mär 08 17:14:01 archbook systemd[1]: Mounting /var/cache/pacman/pkg...
Mär 08 17:14:01 archbook systemd-udevd[183]: Process '/usr/bin/alsactl restore 1' failed with exit code 99.
Mär 08 17:14:01 archbook kernel: wlan0: Broadcom BCM43a0 802.11 Hybrid Wireless Controller 6.30.223.271 (r587334)
Mär 08 17:14:01 archbook kernel: 
Mär 08 17:14:01 archbook systemd[1]: Mounting /home...
Mär 08 17:14:01 archbook systemd[1]: Starting Load/Save RF Kill Switch Status...
Mär 08 17:14:01 archbook systemd-fsck[221]: fsck.fat 4.0 (2016-05-06)
Mär 08 17:14:01 archbook systemd-fsck[221]: /dev/sda1: 13 files, 7978/130812 clusters
Mär 08 17:14:01 archbook systemd[1]: Started File System Check on /dev/disk/by-uuid/724E-F3DA.
Mär 08 17:14:01 archbook kernel: EXT4-fs (sda3): mounted filesystem with ordered data mode. Opts: data=ordered
Mär 08 17:14:01 archbook systemd[1]: Mounting /boot...
Mär 08 17:14:01 archbook systemd[1]: Mounted /var/cache/pacman/pkg.
Mär 08 17:14:01 archbook kernel: EXT4-fs (sda4): mounted filesystem with ordered data mode. Opts: data=ordered
Mär 08 17:14:01 archbook systemd[1]: Mounted /home.
Mär 08 17:14:01 archbook systemd[1]: Mounted /boot.
Mär 08 17:14:01 archbook systemd[1]: Reached target Local File Systems.
Mär 08 17:14:01 archbook systemd[1]: Starting Create Volatile Files and Directories...
Mär 08 17:14:01 archbook kernel: intel_rapl: Found RAPL domain package
Mär 08 17:14:01 archbook kernel: intel_rapl: Found RAPL domain core
Mär 08 17:14:01 archbook kernel: intel_rapl: Found RAPL domain uncore
Mär 08 17:14:01 archbook kernel: intel_rapl: Found RAPL domain dram
Mär 08 17:14:01 archbook systemd[1]: Created slice system-systemd\x2dbacklight.slice.
Mär 08 17:14:01 archbook systemd[1]: Starting Load/Save Screen Backlight Brightness of leds:smc::kbd_backlight...
Mär 08 17:14:01 archbook systemd[1]: Started Create Volatile Files and Directories.
Mär 08 17:14:01 archbook systemd[1]: Starting Update UTMP about System Boot/Shutdown...
Mär 08 17:14:01 archbook systemd-udevd[178]: Process '/usr/bin/tlp auto' failed with exit code 4.
Mär 08 17:14:01 archbook kernel: wl 0000:03:00.0 wlp3s0: renamed from wlan0
Mär 08 17:14:01 archbook systemd[1]: Started Load/Save Screen Backlight Brightness of leds:smc::kbd_backlight.
Mär 08 17:14:01 archbook systemd[1]: Started Load/Save RF Kill Switch Status.
Mär 08 17:14:01 archbook systemd[1]: Started Update UTMP about System Boot/Shutdown.
Mär 08 17:14:01 archbook systemd[1]: Reached target System Initialization.
Mär 08 17:14:01 archbook systemd[1]: Listening on D-Bus System Message Bus Socket.
Mär 08 17:14:01 archbook systemd[1]: Reached target Sockets.
Mär 08 17:14:01 archbook systemd[1]: Started Daily rotation of log files.
Mär 08 17:14:01 archbook systemd[1]: Started Daily Cleanup of Temporary Directories.
Mär 08 17:14:01 archbook systemd[1]: Reached target Basic System.
Mär 08 17:14:01 archbook systemd[1]: Started D-Bus System Message Bus.
Mär 08 17:14:01 archbook kernel: usb 1-3.3: new full-speed USB device number 6 using xhci_hcd
Mär 08 17:14:01 archbook kernel: scsi 1:0:0:0: Direct-Access     APPLE    SD Card Reader   3.00 PQ: 0 ANSI: 6
Mär 08 17:14:01 archbook kernel: sd 1:0:0:0: [sdb] Attached SCSI removable disk
Mär 08 17:14:01 archbook systemd[1]: Starting Thermal Daemon Service...
Mär 08 17:14:01 archbook systemd[1]: Started Disables GPE 4E, an interrupt that is going crazy on Macs.
Mär 08 17:14:01 archbook systemd[1]: Starting Login Service...
Mär 08 17:14:01 archbook systemd[1]: Starting "PowerTop Tuning"...
Mär 08 17:14:01 archbook systemd[1]: Starting Network Manager...
Mär 08 17:14:01 archbook systemd[1]: Started Daily man-db cache update.
Mär 08 17:14:01 archbook systemd[1]: Starting Save/Restore Sound Card State...
Mär 08 17:14:01 archbook systemd[1]: Started Daily verification of password and group files.
Mär 08 17:14:01 archbook systemd[1]: Reached target Timers.
Mär 08 17:14:01 archbook systemd[1]: Starting Initialize hardware monitoring sensors...
Mär 08 17:14:01 archbook systemd[1]: Started Save/Restore Sound Card State.
Mär 08 17:14:01 archbook systemd[1]: Starting Rotate log files...
Mär 08 17:14:01 archbook systemd-logind[347]: Watching system buttons on /dev/input/event3 (Power Button)
Mär 08 17:14:01 archbook systemd-logind[347]: Watching system buttons on /dev/input/event7 (Video Bus)
Mär 08 17:14:01 archbook systemd[1]: Starting Update man-db cache...
Mär 08 17:14:01 archbook systemd-logind[347]: Watching system buttons on /dev/input/event1 (Power Button)
Mär 08 17:14:01 archbook systemd-logind[347]: Watching system buttons on /dev/input/event0 (Lid Switch)
Mär 08 17:14:01 archbook systemd-logind[347]: Watching system buttons on /dev/input/event2 (Sleep Button)
Mär 08 17:14:01 archbook systemd[1]: Started Verify integrity of password and group files.
Mär 08 17:14:01 archbook systemd[1]: Started Login Service.
Mär 08 17:14:01 archbook systemd-logind[347]: New seat seat0.
Mär 08 17:14:01 archbook systemd[1]: Started Initialize hardware monitoring sensors.
Mär 08 17:14:01 archbook systemd[1]: Started Thermal Daemon Service.
Mär 08 17:14:01 archbook kernel: snd_hda_intel 0000:00:03.0: bound 0000:00:02.0 (ops i915_audio_component_bind_ops [i915])
Mär 08 17:14:01 archbook kernel: [drm] Initialized i915 1.6.0 20160919 for 0000:00:02.0 on minor 0
Mär 08 17:14:02 archbook thermald[344]: 20 CPUID levels; family:model:stepping 0x6:3d:4 (6:61:4)
Mär 08 17:14:02 archbook thermald[344]: Polling mode is enabled: 4
Mär 08 17:14:02 archbook sh[359]: Benutzer »tor«: Verzeichnis »/var/lib/tor« existiert nicht.
Mär 08 17:14:02 archbook systemd[1]: Started Rotate log files.
Mär 08 17:14:02 archbook sh[359]: pwck: Keine Änderungen
Mär 08 17:14:02 archbook thermald[344]: sysfs read failed constraint_0_max_power_uw
Mär 08 17:14:02 archbook NetworkManager[349]: <info>  [1488989642.0808] NetworkManager (version 1.6.2-3, Arch Linux) is starting...
Mär 08 17:14:02 archbook NetworkManager[349]: <info>  [1488989642.0810] Read config: /etc/NetworkManager/NetworkManager.conf (lib: 20-connectivity.conf)
Mär 08 17:14:02 archbook NetworkManager[349]: <info>  [1488989642.0940] manager[0x2665080]: monitoring kernel firmware directory '/usr/lib/firmware'.
Mär 08 17:14:02 archbook NetworkManager[349]: <info>  [1488989642.1038] dns-mgr[0x2652180]: init: dns=default, rc-manager=resolvconf
Mär 08 17:14:02 archbook NetworkManager[349]: <info>  [1488989642.1118] rfkill0: found WiFi radio killswitch (at /sys/devices/pci0000:00/0000:00:1c.2/0000:03:00.0/ieee80211/phy0/rfkill0) (driver wl)
Mär 08 17:14:02 archbook NetworkManager[349]: <info>  [1488989642.1123] manager[0x2665080]: WiFi hardware radio set enabled
Mär 08 17:14:02 archbook NetworkManager[349]: <info>  [1488989642.1124] manager[0x2665080]: WWAN hardware radio set enabled
Mär 08 17:14:02 archbook systemd[1]: Started Network Manager.
Mär 08 17:14:02 archbook systemd[1]: Reached target Network.
Mär 08 17:14:02 archbook systemd[1]: Starting Permit User Sessions...
Mär 08 17:14:02 archbook dbus[321]: [system] Activating via systemd: service name='org.freedesktop.nm_dispatcher' unit='dbus-org.freedesktop.nm-dispatcher.service'
Mär 08 17:14:02 archbook systemd[1]: Started Permit User Sessions.
Mär 08 17:14:02 archbook systemd[1]: Starting GNOME Display Manager...
Mär 08 17:14:02 archbook systemd[1]: Starting Network Manager Script Dispatcher Service...
Mär 08 17:14:02 archbook mtp-probe[436]: checking bus 2, device 2: "/sys/devices/pci0000:00/0000:00:14.0/usb2/2-3"
Mär 08 17:14:02 archbook mtp-probe[434]: checking bus 1, device 3: "/sys/devices/pci0000:00/0000:00:14.0/usb1/1-5"
Mär 08 17:14:02 archbook dbus[321]: [system] Successfully activated service 'org.freedesktop.nm_dispatcher'
Mär 08 17:14:02 archbook mtp-probe[434]: bus: 1, device: 3 was not an MTP device
Mär 08 17:14:02 archbook systemd[1]: Started Network Manager Script Dispatcher Service.
Mär 08 17:14:02 archbook NetworkManager[349]: <info>  [1488989642.1948] settings: loaded plugin keyfile: (c) 2007 - 2016 Red Hat, Inc.  To report bugs please use the NetworkManager mailing list.
Mär 08 17:14:02 archbook mtp-probe[436]: bus: 2, device: 2 was not an MTP device
Mär 08 17:14:02 archbook NetworkManager[349]: <info>  [1488989642.2374] settings: loaded plugin iBFT: (c) 2014 Red Hat, Inc.  To report bugs please use the NetworkManager mailing list. (/usr/lib/NetworkManager/libnm-settings-plugin-ibft.so)
Mär 08 17:14:02 archbook systemd[1]: Started GNOME Display Manager.
Mär 08 17:14:02 archbook dbus[321]: [system] Activating via systemd: service name='org.freedesktop.Accounts' unit='accounts-daemon.service'
Mär 08 17:14:02 archbook systemd[1]: Reached target User and Group Name Lookups.
Mär 08 17:14:02 archbook systemd[1]: Starting Accounts Service...
Mär 08 17:14:02 archbook NetworkManager[349]: <info>  [1488989642.2965] keyfile: new connection /etc/NetworkManager/system-connections/marcisgopro (fb1b3500-bcbc-45ef-9982-434b48fd5725,"marcisgopro")
Mär 08 17:14:02 archbook NetworkManager[349]: <info>  [1488989642.3433] keyfile: new connection /etc/NetworkManager/system-connections/WLC1:54AG:0814 (5bb3a1db-719b-47e8-aa63-5e96a4397f15,"WLC1:54AG:0814")
Mär 08 17:14:02 archbook dbus[321]: [system] Activating via systemd: service name='org.freedesktop.PolicyKit1' unit='polkit.service'
Mär 08 17:14:02 archbook systemd[1]: Starting Authorization Manager...
Mär 08 17:14:02 archbook NetworkManager[349]: <info>  [1488989642.3771] keyfile: new connection /etc/NetworkManager/system-connections/WLAN-953129 (380f5183-1bfa-4a4a-a60d-700924a85f33,"WLAN-953129")
Mär 08 17:14:02 archbook polkitd[479]: Started polkitd version 0.114
Mär 08 17:14:02 archbook NetworkManager[349]: <info>  [1488989642.4095] keyfile: new connection /etc/NetworkManager/system-connections/LANCOM1 (c3e9bab0-1eff-4c58-9a32-3a4a384b1b6a,"LANCOM1")
Mär 08 17:14:02 archbook dbus[321]: [system] Activating via systemd: service name='org.freedesktop.hostname1' unit='dbus-org.freedesktop.hostname1.service'
Mär 08 17:14:02 archbook polkitd[479]: Loading rules from directory /etc/polkit-1/rules.d
Mär 08 17:14:02 archbook polkitd[479]: Loading rules from directory /usr/share/polkit-1/rules.d
Mär 08 17:14:02 archbook polkitd[479]: Finished loading, compiling and executing 4 rules
Mär 08 17:14:02 archbook dbus[321]: [system] Successfully activated service 'org.freedesktop.PolicyKit1'
Mär 08 17:14:02 archbook polkitd[479]: Acquired the name org.freedesktop.PolicyKit1 on the system bus
Mär 08 17:14:02 archbook accounts-daemon[464]: started daemon version 0.6.42
Mär 08 17:14:02 archbook dbus[321]: [system] Successfully activated service 'org.freedesktop.Accounts'
Mär 08 17:14:02 archbook powertop.sh[348]: TLP started in battery mode.
Mär 08 17:14:02 archbook mtp-probe[595]: checking bus 1, device 5: "/sys/devices/pci0000:00/0000:00:14.0/usb1/1-3/1-3.2"
Mär 08 17:14:02 archbook mtp-probe[595]: bus: 1, device: 5 was not an MTP device
Mär 08 17:14:02 archbook mtp-probe[594]: checking bus 1, device 4: "/sys/devices/pci0000:00/0000:00:14.0/usb1/1-3/1-3.1"
Mär 08 17:14:02 archbook mtp-probe[593]: checking bus 1, device 6: "/sys/devices/pci0000:00/0000:00:14.0/usb1/1-3/1-3.3"
Mär 08 17:14:02 archbook mtp-probe[594]: bus: 1, device: 4 was not an MTP device
Mär 08 17:14:02 archbook mtp-probe[593]: bus: 1, device: 6 was not an MTP device
Mär 08 17:14:02 archbook powertop.sh[348]: /usr/local/sbin/powertop.sh: Zeile 14: /sys/bus/i2c/devices/i2c-8/device/power/control: Datei oder Verzeichnis nicht gefunden
Mär 08 17:14:04 archbook mandb[360]: Alte Datenbankeinträge in /usr/share/man werden gelöscht ...
Mär 08 17:14:04 archbook mandb[360]: Handbuchseiten unter /usr/share/man werden verarbeitet ...
Mär 08 17:14:04 archbook mandb[360]: Alte Datenbankeinträge in /usr/share/man/ru werden gelöscht ...
Mär 08 17:14:04 archbook mandb[360]: Handbuchseiten unter /usr/share/man/ru werden verarbeitet ...
Mär 08 17:14:04 archbook mandb[360]: Alte Datenbankeinträge in /usr/share/man/sl werden gelöscht ...
Mär 08 17:14:04 archbook mandb[360]: Handbuchseiten unter /usr/share/man/sl werden verarbeitet ...
Mär 08 17:14:04 archbook mandb[360]: Alte Datenbankeinträge in /usr/share/man/zh_CN werden gelöscht ...
Mär 08 17:14:04 archbook mandb[360]: Handbuchseiten unter /usr/share/man/zh_CN werden verarbeitet ...
Mär 08 17:14:04 archbook mandb[360]: Alte Datenbankeinträge in /usr/share/man/nl werden gelöscht ...
Mär 08 17:14:04 archbook mandb[360]: Handbuchseiten unter /usr/share/man/nl werden verarbeitet ...
Mär 08 17:14:04 archbook mandb[360]: Alte Datenbankeinträge in /usr/share/man/fr.ISO8859-1 werden gelöscht ...
Mär 08 17:14:04 archbook mandb[360]: Handbuchseiten unter /usr/share/man/fr.ISO8859-1 werden verarbeitet ...
Mär 08 17:14:04 archbook mandb[360]: Alte Datenbankeinträge in /usr/share/man/pl.UTF-8 werden gelöscht ...
Mär 08 17:14:04 archbook mandb[360]: Handbuchseiten unter /usr/share/man/pl.UTF-8 werden verarbeitet ...
Mär 08 17:14:04 archbook mandb[360]: Alte Datenbankeinträge in /usr/share/man/pl werden gelöscht ...
Mär 08 17:14:04 archbook mandb[360]: Handbuchseiten unter /usr/share/man/pl werden verarbeitet ...
Mär 08 17:14:04 archbook mandb[360]: Alte Datenbankeinträge in /usr/share/man/da werden gelöscht ...
Mär 08 17:14:04 archbook mandb[360]: Handbuchseiten unter /usr/share/man/da werden verarbeitet ...
Mär 08 17:14:04 archbook mandb[360]: Alte Datenbankeinträge in /usr/share/man/pt werden gelöscht ...
Mär 08 17:14:04 archbook mandb[360]: Handbuchseiten unter /usr/share/man/pt werden verarbeitet ...
Mär 08 17:14:04 archbook mandb[360]: Alte Datenbankeinträge in /usr/share/man/ja werden gelöscht ...
Mär 08 17:14:04 archbook mandb[360]: Handbuchseiten unter /usr/share/man/ja werden verarbeitet ...
Mär 08 17:14:04 archbook mandb[360]: Alte Datenbankeinträge in /usr/share/man/hu werden gelöscht ...
Mär 08 17:14:04 archbook mandb[360]: Handbuchseiten unter /usr/share/man/hu werden verarbeitet ...
Mär 08 17:14:04 archbook mandb[360]: Alte Datenbankeinträge in /usr/share/man/ko werden gelöscht ...
Mär 08 17:14:04 archbook mandb[360]: Handbuchseiten unter /usr/share/man/ko werden verarbeitet ...
Mär 08 17:14:04 archbook mandb[360]: Alte Datenbankeinträge in /usr/share/man/it.UTF-8 werden gelöscht ...
Mär 08 17:14:04 archbook mandb[360]: Handbuchseiten unter /usr/share/man/it.UTF-8 werden verarbeitet ...
Mär 08 17:14:04 archbook mandb[360]: Alte Datenbankeinträge in /usr/share/man/sv werden gelöscht ...
Mär 08 17:14:04 archbook mandb[360]: Handbuchseiten unter /usr/share/man/sv werden verarbeitet ...
Mär 08 17:14:04 archbook mandb[360]: Alte Datenbankeinträge in /usr/share/man/it.ISO8859-1 werden gelöscht ...
Mär 08 17:14:04 archbook mandb[360]: Handbuchseiten unter /usr/share/man/it.ISO8859-1 werden verarbeitet ...
Mär 08 17:14:04 archbook mandb[360]: Alte Datenbankeinträge in /usr/share/man/fr werden gelöscht ...
Mär 08 17:14:04 archbook mandb[360]: Handbuchseiten unter /usr/share/man/fr werden verarbeitet ...
Mär 08 17:14:04 archbook mandb[360]: Alte Datenbankeinträge in /usr/share/man/ru.KOI8-R werden gelöscht ...
Mär 08 17:14:04 archbook mandb[360]: Handbuchseiten unter /usr/share/man/ru.KOI8-R werden verarbeitet ...
Mär 08 17:14:04 archbook mandb[360]: Alte Datenbankeinträge in /usr/share/man/de werden gelöscht ...
Mär 08 17:14:04 archbook mandb[360]: Handbuchseiten unter /usr/share/man/de werden verarbeitet ...
Mär 08 17:14:04 archbook mandb[360]: Alte Datenbankeinträge in /usr/share/man/fr.UTF-8 werden gelöscht ...
Mär 08 17:14:04 archbook mandb[360]: Handbuchseiten unter /usr/share/man/fr.UTF-8 werden verarbeitet ...
Mär 08 17:14:04 archbook mandb[360]: Alte Datenbankeinträge in /usr/share/man/it werden gelöscht ...
Mär 08 17:14:04 archbook mandb[360]: Handbuchseiten unter /usr/share/man/it werden verarbeitet ...
Mär 08 17:14:04 archbook mandb[360]: Alte Datenbankeinträge in /usr/share/man/pl.ISO8859-2 werden gelöscht ...
Mär 08 17:14:04 archbook mandb[360]: Handbuchseiten unter /usr/share/man/pl.ISO8859-2 werden verarbeitet ...
Mär 08 17:14:04 archbook mandb[360]: Alte Datenbankeinträge in /usr/share/man/zh_TW werden gelöscht ...
Mär 08 17:14:04 archbook mandb[360]: Handbuchseiten unter /usr/share/man/zh_TW werden verarbeitet ...
Mär 08 17:14:04 archbook mandb[360]: Alte Datenbankeinträge in /usr/share/man/ru.UTF-8 werden gelöscht ...
Mär 08 17:14:04 archbook mandb[360]: Handbuchseiten unter /usr/share/man/ru.UTF-8 werden verarbeitet ...
Mär 08 17:14:04 archbook mandb[360]: Alte Datenbankeinträge in /usr/share/man/tr werden gelöscht ...
Mär 08 17:14:04 archbook mandb[360]: Handbuchseiten unter /usr/share/man/tr werden verarbeitet ...
Mär 08 17:14:04 archbook mandb[360]: Alte Datenbankeinträge in /usr/share/man/es werden gelöscht ...
Mär 08 17:14:04 archbook mandb[360]: Handbuchseiten unter /usr/share/man/es werden verarbeitet ...
Mär 08 17:14:04 archbook mandb[360]: Alte Datenbankeinträge in /usr/share/man/jp werden gelöscht ...
Mär 08 17:14:04 archbook mandb[360]: Handbuchseiten unter /usr/share/man/jp werden verarbeitet ...
Mär 08 17:14:04 archbook mandb[360]: Alte Datenbankeinträge in /usr/share/man/cs werden gelöscht ...
Mär 08 17:14:04 archbook mandb[360]: Handbuchseiten unter /usr/share/man/cs werden verarbeitet ...
Mär 08 17:14:04 archbook mandb[360]: Alte Datenbankeinträge in /usr/share/man/pt_BR werden gelöscht ...
Mär 08 17:14:04 archbook mandb[360]: Handbuchseiten unter /usr/share/man/pt_BR werden verarbeitet ...
Mär 08 17:14:04 archbook mandb[360]: Alte Datenbankeinträge in /usr/share/man/id werden gelöscht ...
Mär 08 17:14:04 archbook mandb[360]: Handbuchseiten unter /usr/share/man/id werden verarbeitet ...
Mär 08 17:14:04 archbook mandb[360]: Handbuchseiten unter /usr/local/man werden verarbeitet ...
Mär 08 17:14:04 archbook mandb[360]: 0 Handbuchverzeichnisse enthielten neuere Handbuchseiten.
Mär 08 17:14:04 archbook mandb[360]: 0 Handbuchseiten wurden hinzugefügt.
Mär 08 17:14:04 archbook mandb[360]: 0 herrenlose »cat«-Dateien wurden hinzugefügt.
Mär 08 17:14:04 archbook mandb[360]: 2 alte Datenbankeinträge wurden entfernt.
Mär 08 17:14:04 archbook systemd[1]: Started "PowerTop Tuning".
Mär 08 17:14:04 archbook kernel: fbcon: inteldrmfb (fb0) is primary device
Mär 08 17:14:04 archbook kernel: clocksource: Switched to clocksource tsc
Mär 08 17:14:04 archbook kernel: input: bcm5974 as /devices/pci0000:00/0000:00:14.0/usb1/1-5/1-5:1.2/input/input8
Mär 08 17:14:04 archbook kernel: usbcore: registered new interface driver bcm5974
Mär 08 17:14:04 archbook kernel: hidraw: raw HID events driver (C) Jiri Kosina
Mär 08 17:14:04 archbook kernel: usbcore: registered new interface driver usbhid
Mär 08 17:14:04 archbook kernel: usbhid: USB HID core driver
Mär 08 17:14:04 archbook kernel: apple 0003:05AC:0291.0001: hiddev0,hidraw0: USB HID v1.10 Device [Apple Inc. Apple Internal Keyboard / Trackpad] on usb-0000:00:14.0-5/input0
Mär 08 17:14:04 archbook kernel: input: Apple Inc. Apple Internal Keyboard / Trackpad as /devices/pci0000:00/0000:00:14.0/usb1/1-5/1-5:1.1/0003:05AC:0291.0002/input/input9
Mär 08 17:14:04 archbook kernel: mousedev: PS/2 mouse device common for all mice
Mär 08 17:14:04 archbook kernel: apple 0003:05AC:0291.0002: input,hiddev0,hidraw1: USB HID v1.10 Keyboard [Apple Inc. Apple Internal Keyboard / Trackpad] on usb-0000:00:14.0-5/input1
Mär 08 17:14:04 archbook kernel: input: HID 05ac:820a as /devices/pci0000:00/0000:00:14.0/usb1/1-3/1-3.1/1-3.1:1.0/0003:05AC:820A.0003/input/input10
Mär 08 17:14:04 archbook kernel: Bluetooth: Core ver 2.22
Mär 08 17:14:04 archbook kernel: NET: Registered protocol family 31
Mär 08 17:14:04 archbook kernel: Bluetooth: HCI device and connection manager initialized
Mär 08 17:14:04 archbook kernel: Bluetooth: HCI socket layer initialized
Mär 08 17:14:04 archbook kernel: Bluetooth: L2CAP socket layer initialized
Mär 08 17:14:04 archbook kernel: Bluetooth: SCO socket layer initialized
Mär 08 17:14:04 archbook kernel: usbcore: registered new interface driver btusb
Mär 08 17:14:04 archbook kernel: hid-generic 0003:05AC:820A.0003: input,hidraw2: USB HID v1.11 Keyboard [HID 05ac:820a] on usb-0000:00:14.0-3.1/input0
Mär 08 17:14:04 archbook kernel: input: HID 05ac:820b as /devices/pci0000:00/0000:00:14.0/usb1/1-3/1-3.2/1-3.2:1.0/0003:05AC:820B.0004/input/input11
Mär 08 17:14:04 archbook kernel: hid-generic 0003:05AC:820B.0004: input,hidraw3: USB HID v1.11 Mouse [HID 05ac:820b] on usb-0000:00:14.0-3.2/input0
Mär 08 17:14:04 archbook kernel: usb 1-3.1: USB disconnect, device number 4
Mär 08 17:14:04 archbook kernel: Bluetooth: hci0: BCM: chip id 73 build 1016
Mär 08 17:14:04 archbook kernel: Bluetooth: hci0: BCM: product 05ac:828f
Mär 08 17:14:04 archbook kernel: Bluetooth: hci0: BCM20702B0 Generic USB Class 1 @ 20 MHz
Mär 08 17:14:04 archbook kernel: usb 1-3.2: USB disconnect, device number 5
Mär 08 17:14:04 archbook kernel: random: crng init done
